Archive member included to satisfy reference by file (symbol)

C:\ubc\ELEC 291\gcc\gcc-arm-none-eabi-10.3-2021.10\arm-none-eabi\lib\thumb\v6-m\nofp\libnosys.a(errno.o)
                              newlib_stubs.o (errno)
C:\ubc\ELEC 291\gcc\gcc-arm-none-eabi-10.3-2021.10\lib\gcc\arm-none-eabi\10.3.1\thumb\v6-m\nofp\libgcc.a(_divsi3.o)
                              serial.o (__aeabi_idiv)
C:\ubc\ELEC 291\gcc\gcc-arm-none-eabi-10.3-2021.10\lib\gcc\arm-none-eabi\10.3.1\thumb\v6-m\nofp\libgcc.a(_dvmd_tls.o)
                              C:\ubc\ELEC 291\gcc\gcc-arm-none-eabi-10.3-2021.10\lib\gcc\arm-none-eabi\10.3.1\thumb\v6-m\nofp\libgcc.a(_divsi3.o) (__aeabi_idiv0)
C:\ubc\ELEC 291\gcc\gcc-arm-none-eabi-10.3-2021.10\lib\gcc\arm-none-eabi\10.3.1\thumb\v6-m\nofp\libgcc.a(divsf3.o)
                              main.o (__aeabi_fdiv)
C:\ubc\ELEC 291\gcc\gcc-arm-none-eabi-10.3-2021.10\lib\gcc\arm-none-eabi\10.3.1\thumb\v6-m\nofp\libgcc.a(mulsf3.o)
                              main.o (__aeabi_fmul)
C:\ubc\ELEC 291\gcc\gcc-arm-none-eabi-10.3-2021.10\lib\gcc\arm-none-eabi\10.3.1\thumb\v6-m\nofp\libgcc.a(fixsfsi.o)
                              main.o (__aeabi_f2iz)
C:\ubc\ELEC 291\gcc\gcc-arm-none-eabi-10.3-2021.10\lib\gcc\arm-none-eabi\10.3.1\thumb\v6-m\nofp\libgcc.a(floatsisf.o)
                              main.o (__aeabi_i2f)
C:\ubc\ELEC 291\gcc\gcc-arm-none-eabi-10.3-2021.10\lib\gcc\arm-none-eabi\10.3.1\thumb\v6-m\nofp\libgcc.a(divdf3.o)
                              main.o (__aeabi_ddiv)
C:\ubc\ELEC 291\gcc\gcc-arm-none-eabi-10.3-2021.10\lib\gcc\arm-none-eabi\10.3.1\thumb\v6-m\nofp\libgcc.a(muldf3.o)
                              main.o (__aeabi_dmul)
C:\ubc\ELEC 291\gcc\gcc-arm-none-eabi-10.3-2021.10\lib\gcc\arm-none-eabi\10.3.1\thumb\v6-m\nofp\libgcc.a(floatsidf.o)
                              main.o (__aeabi_i2d)
C:\ubc\ELEC 291\gcc\gcc-arm-none-eabi-10.3-2021.10\lib\gcc\arm-none-eabi\10.3.1\thumb\v6-m\nofp\libgcc.a(extendsfdf2.o)
                              main.o (__aeabi_f2d)
C:\ubc\ELEC 291\gcc\gcc-arm-none-eabi-10.3-2021.10\lib\gcc\arm-none-eabi\10.3.1\thumb\v6-m\nofp\libgcc.a(truncdfsf2.o)
                              main.o (__aeabi_d2f)
C:\ubc\ELEC 291\gcc\gcc-arm-none-eabi-10.3-2021.10\lib\gcc\arm-none-eabi\10.3.1\thumb\v6-m\nofp\libgcc.a(_udivsi3.o)
                              C:\ubc\ELEC 291\gcc\gcc-arm-none-eabi-10.3-2021.10\lib\gcc\arm-none-eabi\10.3.1\thumb\v6-m\nofp\libgcc.a(divdf3.o) (__aeabi_uidivmod)
C:\ubc\ELEC 291\gcc\gcc-arm-none-eabi-10.3-2021.10\lib\gcc\arm-none-eabi\10.3.1\thumb\v6-m\nofp\libgcc.a(_clzsi2.o)
                              C:\ubc\ELEC 291\gcc\gcc-arm-none-eabi-10.3-2021.10\lib\gcc\arm-none-eabi\10.3.1\thumb\v6-m\nofp\libgcc.a(divsf3.o) (__clzsi2)
C:\ubc\ELEC 291\gcc\gcc-arm-none-eabi-10.3-2021.10\arm-none-eabi\lib\thumb\v6-m\nofp\libc_nano.a(lib_a-fflush.o)
                              main.o (fflush)
C:\ubc\ELEC 291\gcc\gcc-arm-none-eabi-10.3-2021.10\arm-none-eabi\lib\thumb\v6-m\nofp\libc_nano.a(lib_a-findfp.o)
                              C:\ubc\ELEC 291\gcc\gcc-arm-none-eabi-10.3-2021.10\arm-none-eabi\lib\thumb\v6-m\nofp\libc_nano.a(lib_a-fflush.o) (__sinit)
C:\ubc\ELEC 291\gcc\gcc-arm-none-eabi-10.3-2021.10\arm-none-eabi\lib\thumb\v6-m\nofp\libc_nano.a(lib_a-fwalk.o)
                              C:\ubc\ELEC 291\gcc\gcc-arm-none-eabi-10.3-2021.10\arm-none-eabi\lib\thumb\v6-m\nofp\libc_nano.a(lib_a-findfp.o) (_fwalk)
C:\ubc\ELEC 291\gcc\gcc-arm-none-eabi-10.3-2021.10\arm-none-eabi\lib\thumb\v6-m\nofp\libc_nano.a(lib_a-impure.o)
                              C:\ubc\ELEC 291\gcc\gcc-arm-none-eabi-10.3-2021.10\arm-none-eabi\lib\thumb\v6-m\nofp\libc_nano.a(lib_a-fflush.o) (_global_impure_ptr)
C:\ubc\ELEC 291\gcc\gcc-arm-none-eabi-10.3-2021.10\arm-none-eabi\lib\thumb\v6-m\nofp\libc_nano.a(lib_a-lock.o)
                              C:\ubc\ELEC 291\gcc\gcc-arm-none-eabi-10.3-2021.10\arm-none-eabi\lib\thumb\v6-m\nofp\libc_nano.a(lib_a-findfp.o) (__retarget_lock_init_recursive)
C:\ubc\ELEC 291\gcc\gcc-arm-none-eabi-10.3-2021.10\arm-none-eabi\lib\thumb\v6-m\nofp\libc_nano.a(lib_a-memset.o)
                              C:\ubc\ELEC 291\gcc\gcc-arm-none-eabi-10.3-2021.10\arm-none-eabi\lib\thumb\v6-m\nofp\libc_nano.a(lib_a-findfp.o) (memset)
C:\ubc\ELEC 291\gcc\gcc-arm-none-eabi-10.3-2021.10\arm-none-eabi\lib\thumb\v6-m\nofp\libc_nano.a(lib_a-nano-freer.o)
                              C:\ubc\ELEC 291\gcc\gcc-arm-none-eabi-10.3-2021.10\arm-none-eabi\lib\thumb\v6-m\nofp\libc_nano.a(lib_a-fflush.o) (_free_r)
C:\ubc\ELEC 291\gcc\gcc-arm-none-eabi-10.3-2021.10\arm-none-eabi\lib\thumb\v6-m\nofp\libc_nano.a(lib_a-nano-mallocr.o)
                              C:\ubc\ELEC 291\gcc\gcc-arm-none-eabi-10.3-2021.10\arm-none-eabi\lib\thumb\v6-m\nofp\libc_nano.a(lib_a-findfp.o) (_malloc_r)
C:\ubc\ELEC 291\gcc\gcc-arm-none-eabi-10.3-2021.10\arm-none-eabi\lib\thumb\v6-m\nofp\libc_nano.a(lib_a-nano-vfprintf_float.o)
[...]
Memory Configuration

Name             Origin             Length             Attributes
flash            0x08000000         0x00010000
ram              0x20000000         0x00002000
*default*        0x00000000         0xffffffff

Linker script and memory map

LOAD main.o
LOAD startup.o
LOAD serial.o
LOAD adc.o
LOAD newlib_stubs.o
LOAD lcd.o
LOAD UART2.O
LOAD C:\ubc\ELEC 291\gcc\gcc-arm-none-eabi-10.3-2021.10\arm-none-eabi\lib\thumb\v6-m\nofp\libnosys.a
LOAD C:\ubc\ELEC 291\gcc\gcc-arm-none-eabi-10.3-2021.10\lib\gcc\arm-none-eabi\10.3.1\thumb\v6-m\nofp\libgcc.a
START GROUP
LOAD C:\ubc\ELEC 291\gcc\gcc-arm-none-eabi-10.3-2021.10\lib\gcc\arm-none-eabi\10.3.1\thumb\v6-m\nofp\libgcc.a
LOAD C:\ubc\ELEC 291\gcc\gcc-arm-none-eabi-10.3-2021.10\arm-none-eabi\lib\thumb\v6-m\nofp\libc_nano.a
LOAD C:\ubc\ELEC 291\gcc\gcc-arm-none-eabi-10.3-2021.10\arm-none-eabi\lib\thumb\v6-m\nofp\libm.a
END GROUP

.text           0x08000000     0x9c7c
 *(.vectors)
 .vectors       0x08000000       0xb8 startup.o
                0x08000000                Vectors
 *(.after_vectors*)
 .after_vectors
                0x080000b8       0x28 startup.o
                0x080000b8                ResetInit
 *(.text*)
 .text          0x080000e0     0x119c main.o
                0x080000e0                ToggleLED
                0x080000fc                TIM21_Handler
                0x0800011c                Configure_Pins
                0x08000250                Button_Init
                0x080002e8                Hardware_Init
                0x08000338                Buzzer_Init
                0x080003bc                wait_1ms
                0x080003f4                delayms
                0x08000416                SendATCommand
                0x0800048c                ReceptionOff
                0x080004e4                main
 .text          0x0800127c      0x1a8 startup.o
                0x080012f4                initClock
                0x080013fc                EXTI2_3_Handler
                0x080013fc                SysTick_Handler
                0x080013fc                I2C1_Handler
                0x080013fc                PendSV_Handler
                0x080013fc                NMI_Handler
                0x080013fc                WWDG_Handler
                0x080013fc                RTC_Handler
                0x080013fc                EXTI4_15_Handler
                0x080013fc                TIM2_Handler
                0x080013fc                DMA_CH4_5_6_7_Handler
                0x080013fc                Default_Handler
                0x080013fc                LPUART1_Handler
                0x080013fc                FLASH_Handler
                0x080013fc                EXTI0_1_Handler
                0x080013fc                DMA_CH1_Handler
                0x080013fc                SPI2_Handler
                0x080013fc                DMA_CH2_3_Handler
                0x080013fc                I2C2_Handler
                0x080013fc                SVC_Handler
                0x080013fc                LPTIM1_Handler
                0x080013fc                SPI1_Handler
                0x080013fc                RCC_Handler
                0x080013fc                PVD_Handler
                0x080013fc                TIM6_Handler
                0x080013fc                TIM22_Handler
                0x080013fc                ADC_COMP_Handler
                0x08001410                Hard_Fault_Handler
 .text          0x08001424      0x5b4 serial.o
                0x08001424                ReadCom
                0x08001498                WriteCom
                0x08001538                initUART
                0x08001688                USART1_Handler
                0x080016b4                usart_rx
                0x080016e4                usart_tx
                0x0800174c                PutBuf
                0x080017ae                GetBuf
                0x08001804                GetBufCount
                0x08001818                eputs
                0x08001854                eputc
                0x08001872                egetc
                0x0800188c                egets
                0x08001918                egetc_echo
                0x0800193e                egets_echo
 .text          0x080019d8      0x10c adc.o
                0x080019d8                initADC
                0x08001a78                readADC
 .text          0x08001ae4      0x29c newlib_stubs.o
                0x08001ae4                _exit
                0x08001aee                _close
                0x08001b02                _execve
                0x08001b24                _fork
                0x08001b3c                _fstat
                0x08001b58                _getpid
                0x08001b64                _kill
                0x08001b84                _link
                0x08001ba4                _lseek
                0x08001bba                _stat
                0x08001bd6                _times
                0x08001bea                _unlink
                0x08001c08                _wait
                0x08001c28                _isatty
                0x08001c50                _sbrk
                0x08001cb4                _read
                0x08001d2c                _write
 .text          0x08001d80      0x38c lcd.o
                0x08001d80                Delay_us
                0x08001de0                waitms
                0x08001e2c                LCD_pulse
                0x08001e5c                LCD_byte
                0x08001fde                WriteData
                0x08002012                WriteCommand
                0x08002046                LCD_4BIT
                0x08002090                LCDprint
 .text          0x0800210c      0x5c8 UART2.O
                0x0800210c                ReadCom2
                0x08002180                WriteCom2
                0x08002220                initUART2
                0x0800236c                USART2_Handler
                0x08002398                usart_rx2
                0x080023c8                usart_tx2
                0x08002430                PutBuf2
                0x08002492                GetBuf2
                0x080024e8                GetBufCount2
                0x080024fc                eputs2
                0x08002538                eputc2
                0x08002556                egetc2
                0x08002570                egets2
                0x080025fc                ReceivedBytes2
                0x08002614                egetc_echo2
                0x0800263a                egets_echo2
 .text          0x080026d4        0x0 C:\ubc\ELEC 291\gcc\gcc-arm-none-eabi-10.3-2021.10\arm-none-eabi\lib\thumb\v6-m\nofp\libnosys.a(errno.o)
 .text          0x080026d4      0x1d4 C:\ubc\ELEC 291\gcc\gcc-arm-none-eabi-10.3-2021.10\lib\gcc\arm-none-eabi\10.3.1\thumb\v6-m\nofp\libgcc.a(_divsi3.o)
                0x080026d4                __divsi3
                0x080026d4                __aeabi_idiv
                0x080028a0                __aeabi_idivmod
 .text          0x080028a8        0x4 C:\ubc\ELEC 291\gcc\gcc-arm-none-eabi-10.3-2021.10\lib\gcc\arm-none-eabi\10.3.1\thumb\v6-m\nofp\libgcc.a(_dvmd_tls.o)
                0x080028a8                __aeabi_idiv0
                0x080028a8                __aeabi_ldiv0
 .text          0x080028ac      0x230 C:\ubc\ELEC 291\gcc\gcc-arm-none-eabi-10.3-2021.10\lib\gcc\arm-none-eabi\10.3.1\thumb\v6-m\nofp\libgcc.a(divsf3.o)
                0x080028ac                __aeabi_fdiv
 .text          0x08002adc      0x24c C:\ubc\ELEC 291\gcc\gcc-arm-none-eabi-10.3-2021.10\lib\gcc\arm-none-eabi\10.3.1\thumb\v6-m\nofp\libgcc.a(mulsf3.o)
                0x08002adc                __aeabi_fmul
 .text          0x08002d28       0x40 C:\ubc\ELEC 291\gcc\gcc-arm-none-eabi-10.3-2021.10\lib\gcc\arm-none-eabi\10.3.1\thumb\v6-m\nofp\libgcc.a(fixsfsi.o)
                0x08002d28                __aeabi_f2iz
 .text          0x08002d68       0x9c C:\ubc\ELEC 291\gcc\gcc-arm-none-eabi-10.3-2021.10\lib\gcc\arm-none-eabi\10.3.1\thumb\v6-m\nofp\libgcc.a(floatsisf.o)
                0x08002d68                __aeabi_i2f
 .text          0x08002e04      0x5ec C:\ubc\ELEC 291\gcc\gcc-arm-none-eabi-10.3-2021.10\lib\gcc\arm-none-eabi\10.3.1\thumb\v6-m\nofp\libgcc.a(divdf3.o)
                0x08002e04                __aeabi_ddiv
 .text          0x080033f0      0x4d8 C:\ubc\ELEC 291\gcc\gcc-arm-none-eabi-10.3-2021.10\lib\gcc\arm-none-eabi\10.3.1\thumb\v6-m\nofp\libgcc.a(muldf3.o)
                0x080033f0                __aeabi_dmul
 .text          0x080038c8       0x60 C:\ubc\ELEC 291\gcc\gcc-arm-none-eabi-10.3-2021.10\lib\gcc\arm-none-eabi\10.3.1\thumb\v6-m\nofp\libgcc.a(floatsidf.o)
                0x080038c8                __aeabi_i2d
 .text          0x08003928       0x90 C:\ubc\ELEC 291\gcc\gcc-arm-none-eabi-10.3-2021.10\lib\gcc\arm-none-eabi\10.3.1\thumb\v6-m\nofp\libgcc.a(extendsfdf2.o)
                0x08003928                __aeabi_f2d
 .text          0x080039b8      0x110 C:\ubc\ELEC 291\gcc\gcc-arm-none-eabi-10.3-2021.10\lib\gcc\arm-none-eabi\10.3.1\thumb\v6-m\nofp\libgcc.a(truncdfsf2.o)
                0x080039b8                __aeabi_d2f
 .text          0x08003ac8      0x114 C:\ubc\ELEC 291\gcc\gcc-arm-none-eabi-10.3-2021.10\lib\gcc\arm-none-eabi\10.3.1\thumb\v6-m\nofp\libgcc.a(_udivsi3.o)
                0x08003ac8                __aeabi_uidiv
                0x08003ac8                __udivsi3
                0x08003bd4                __aeabi_uidivmod
 .text          0x08003bdc       0x3c C:\ubc\ELEC 291\gcc\gcc-arm-none-eabi-10.3-2021.10\lib\gcc\arm-none-eabi\10.3.1\thumb\v6-m\nofp\libgcc.a(_clzsi2.o)
                0x08003bdc                __clzsi2
 .text          0x08003c18        0x0 C:\ubc\ELEC 291\gcc\gcc-arm-none-eabi-10.3-2021.10\arm-none-eabi\lib\thumb\v6-m\nofp\libc_nano.a(lib_a-fflush.o)
 .text.__sflush_r
                0x08003c18      0x118 C:\ubc\ELEC 291\gcc\gcc-arm-none-eabi-10.3-2021.10\arm-none-eabi\lib\thumb\v6-m\nofp\libc_nano.a(lib_a-fflush.o)
                0x08003c18                __sflush_r
 .text._fflush_r
                0x08003d30       0x80 C:\ubc\ELEC 291\gcc\gcc-arm-none-eabi-10.3-2021.10\arm-none-eabi\lib\thumb\v6-m\nofp\libc_nano.a(lib_a-fflush.o)
                0x08003d30                _fflush_r
 .text.fflush   0x08003db0       0x2c C:\ubc\ELEC 291\gcc\gcc-arm-none-eabi-10.3-2021.10\arm-none-eabi\lib\thumb\v6-m\nofp\libc_nano.a(lib_a-fflush.o)
                0x08003db0                fflush
 .text          0x08003ddc        0x0 C:\ubc\ELEC 291\gcc\gcc-arm-none-eabi-10.3-2021.10\arm-none-eabi\lib\thumb\v6-m\nofp\libc_nano.a(lib_a-findfp.o)
 .text.std      0x08003ddc       0x48 C:\ubc\ELEC 291\gcc\gcc-arm-none-eabi-10.3-2021.10\arm-none-eabi\lib\thumb\v6-m\nofp\libc_nano.a(lib_a-findfp.o)
 .text._cleanup_r
                0x08003e24       0x10 C:\ubc\ELEC 291\gcc\gcc-arm-none-eabi-10.3-2021.10\arm-none-eabi\lib\thumb\v6-m\nofp\libc_nano.a(lib_a-findfp.o)
                0x08003e24                _cleanup_r
 .text.__fp_lock
                0x08003e34       0x18 C:\ubc\ELEC 291\gcc\gcc-arm-none-eabi-10.3-2021.10\arm-none-eabi\lib\thumb\v6-m\nofp\libc_nano.a(lib_a-findfp.o)
 .text.__fp_unlock
                0x08003e4c       0x18 C:\ubc\ELEC 291\gcc\gcc-arm-none-eabi-10.3-2021.10\arm-none-eabi\lib\thumb\v6-m\nofp\libc_nano.a(lib_a-findfp.o)
 .text.__sfmoreglue
                0x08003e64       0x2c C:\ubc\ELEC 291\gcc\gcc-arm-none-eabi-10.3-2021.10\arm-none-eabi\lib\thumb\v6-m\nofp\libc_nano.a(lib_a-findfp.o)
                0x08003e64                __sfmoreglue
 .text._cleanup
                0x08003e90       0x10 C:\ubc\ELEC 291\gcc\gcc-arm-none-eabi-10.3-2021.10\arm-none-eabi\lib\thumb\v6-m\nofp\libc_nano.a(lib_a-findfp.o)
                0x08003e90                _cleanup
 .text.__sfp_lock_acquire
                0x08003ea0       0x10 C:\ubc\ELEC 291\gcc\gcc-arm-none-eabi-10.3-2021.10\arm-none-eabi\lib\thumb\v6-m\nofp\libc_nano.a(lib_a-findfp.o)
                0x08003ea0                __sfp_lock_acquire
 .text.__sfp_lock_release
                0x08003eb0       0x10 C:\ubc\ELEC 291\gcc\gcc-arm-none-eabi-10.3-2021.10\arm-none-eabi\lib\thumb\v6-m\nofp\libc_nano.a(lib_a-findfp.o)
                0x08003eb0                __sfp_lock_release
 .text.__sinit_lock_acquire
                0x08003ec0       0x10 C:\ubc\ELEC 291\gcc\gcc-arm-none-eabi-10.3-2021.10\arm-none-eabi\lib\thumb\v6-m\nofp\libc_nano.a(lib_a-findfp.o)
                0x08003ec0                __sinit_lock_acquire
 .text.__sinit_lock_release
                0x08003ed0       0x10 C:\ubc\ELEC 291\gcc\gcc-arm-none-eabi-10.3-2021.10\arm-none-eabi\lib\thumb\v6-m\nofp\libc_nano.a(lib_a-findfp.o)
                0x08003ed0                __sinit_lock_release
 .text.__sinit  0x08003ee0       0x70 C:\ubc\ELEC 291\gcc\gcc-arm-none-eabi-10.3-2021.10\arm-none-eabi\lib\thumb\v6-m\nofp\libc_nano.a(lib_a-findfp.o)
                0x08003ee0                __sinit
 .text.__sfp    0x08003f50       0x90 C:\ubc\ELEC 291\gcc\gcc-arm-none-eabi-10.3-2021.10\arm-none-eabi\lib\thumb\v6-m\nofp\libc_nano.a(lib_a-findfp.o)
                0x08003f50                __sfp
 .text.__fp_lock_all
                0x08003fe0       0x1c C:\ubc\ELEC 291\gcc\gcc-arm-none-eabi-10.3-2021.10\arm-none-eabi\lib\thumb\v6-m\nofp\libc_nano.a(lib_a-findfp.o)
                0x08003fe0                __fp_lock_all
 .text.__fp_unlock_all
                0x08003ffc       0x1c C:\ubc\ELEC 291\gcc\gcc-arm-none-eabi-10.3-2021.10\arm-none-eabi\lib\thumb\v6-m\nofp\libc_nano.a(lib_a-findfp.o)
                0x08003ffc                __fp_unlock_all
 .text          0x08004018        0x0 C:\ubc\ELEC 291\gcc\gcc-arm-none-eabi-10.3-2021.10\arm-none-eabi\lib\thumb\v6-m\nofp\libc_nano.a(lib_a-fwalk.o)
 .text._fwalk   0x08004018       0x36 C:\ubc\ELEC 291\gcc\gcc-arm-none-eabi-10.3-2021.10\arm-none-eabi\lib\thumb\v6-m\nofp\libc_nano.a(lib_a-fwalk.o)
                0x08004018                _fwalk
 .text._fwalk_reent
                0x0800404e       0x40 C:\ubc\ELEC 291\gcc\gcc-arm-none-eabi-10.3-2021.10\arm-none-eabi\lib\thumb\v6-m\nofp\libc_nano.a(lib_a-fwalk.o)
                0x0800404e                _fwalk_reent
 .text          0x0800408e        0x0 C:\ubc\ELEC 291\gcc\gcc-arm-none-eabi-10.3-2021.10\arm-none-eabi\lib\thumb\v6-m\nofp\libc_nano.a(lib_a-impure.o)
 .text          0x0800408e        0x0 C:\ubc\ELEC 291\gcc\gcc-arm-none-eabi-10.3-2021.10\arm-none-eabi\lib\thumb\v6-m\nofp\libc_nano.a(lib_a-lock.o)
 .text.__retarget_lock_init
                0x0800408e        0x2 C:\ubc\ELEC 291\gcc\gcc-arm-none-eabi-10.3-2021.10\arm-none-eabi\lib\thumb\v6-m\nofp\libc_nano.a(lib_a-lock.o)
                0x0800408e                __retarget_lock_init
 .text.__retarget_lock_init_recursive
                0x08004090        0x2 C:\ubc\ELEC 291\gcc\gcc-arm-none-eabi-10.3-2021.10\arm-none-eabi\lib\thumb\v6-m\nofp\libc_nano.a(lib_a-lock.o)
                0x08004090                __retarget_lock_init_recursive
 .text.__retarget_lock_close
                0x08004092        0x2 C:\ubc\ELEC 291\gcc\gcc-arm-none-eabi-10.3-2021.10\arm-none-eabi\lib\thumb\v6-m\nofp\libc_nano.a(lib_a-lock.o)
                0x08004092                __retarget_lock_close
 .text.__retarget_lock_close_recursive
                0x08004094        0x2 C:\ubc\ELEC 291\gcc\gcc-arm-none-eabi-10.3-2021.10\arm-none-eabi\lib\thumb\v6-m\nofp\libc_nano.a(lib_a-lock.o)
                0x08004094                __retarget_lock_close_recursive
 .text.__retarget_lock_acquire
                0x08004096        0x2 C:\ubc\ELEC 291\gcc\gcc-arm-none-eabi-10.3-2021.10\arm-none-eabi\lib\thumb\v6-m\nofp\libc_nano.a(lib_a-lock.o)
                0x08004096                __retarget_lock_acquire
 .text.__retarget_lock_acquire_recursive
                0x08004098        0x2 C:\ubc\ELEC 291\gcc\gcc-arm-none-eabi-10.3-2021.10\arm-none-eabi\lib\thumb\v6-m\nofp\libc_nano.a(lib_a-lock.o)
                0x08004098                __retarget_lock_acquire_recursive
 .text.__retarget_lock_try_acquire
                0x0800409a        0x4 C:\ubc\ELEC 291\gcc\gcc-arm-none-eabi-10.3-2021.10\arm-none-eabi\lib\thumb\v6-m\nofp\libc_nano.a(lib_a-lock.o)
                0x0800409a                __retarget_lock_try_acquire
 .text.__retarget_lock_try_acquire_recursive
                0x0800409e        0x4 C:\ubc\ELEC 291\gcc\gcc-arm-none-eabi-10.3-2021.10\arm-none-eabi\lib\thumb\v6-m\nofp\libc_nano.a(lib_a-lock.o)
                0x0800409e                __retarget_lock_try_acquire_recursive
 .text.__retarget_lock_release
                0x080040a2        0x2 C:\ubc\ELEC 291\gcc\gcc-arm-none-eabi-10.3-2021.10\arm-none-eabi\lib\thumb\v6-m\nofp\libc_nano.a(lib_a-lock.o)
                0x080040a2                __retarget_lock_release
 .text.__retarget_lock_release_recursive
                0x080040a4        0x2 C:\ubc\ELEC 291\gcc\gcc-arm-none-eabi-10.3-2021.10\arm-none-eabi\lib\thumb\v6-m\nofp\libc_nano.a(lib_a-lock.o)
                0x080040a4                __retarget_lock_release_recursive
 .text          0x080040a6        0x0 C:\ubc\ELEC 291\gcc\gcc-arm-none-eabi-10.3-2021.10\arm-none-eabi\lib\thumb\v6-m\nofp\libc_nano.a(lib_a-memset.o)
 .text.memset   0x080040a6       0x10 C:\ubc\ELEC 291\gcc\gcc-arm-none-eabi-10.3-2021.10\arm-none-eabi\lib\thumb\v6-m\nofp\libc_nano.a(lib_a-memset.o)
                0x080040a6                memset
 .text          0x080040b6        0x0 C:\ubc\ELEC 291\gcc\gcc-arm-none-eabi-10.3-2021.10\arm-none-eabi\lib\thumb\v6-m\nofp\libc_nano.a(lib_a-nano-freer.o)
 *fill*         0x080040b6        0x2 
 .text._free_r  0x080040b8       0x94 C:\ubc\ELEC 291\gcc\gcc-arm-none-eabi-10.3-2021.10\arm-none-eabi\lib\thumb\v6-m\nofp\libc_nano.a(lib_a-nano-freer.o)
                0x080040b8                _free_r
 .text          0x0800414c        0x0 C:\ubc\ELEC 291\gcc\gcc-arm-none-eabi-10.3-2021.10\arm-none-eabi\lib\thumb\v6-m\nofp\libc_nano.a(lib_a-nano-mallocr.o)
 .text.sbrk_aligned
                0x0800414c       0x44 C:\ubc\ELEC 291\gcc\gcc-arm-none-eabi-10.3-2021.10\arm-none-eabi\lib\thumb\v6-m\nofp\libc_nano.a(lib_a-nano-mallocr.o)
 .text._malloc_r
                0x08004190       0xec C:\ubc\ELEC 291\gcc\gcc-arm-none-eabi-10.3-2021.10\arm-none-eabi\lib\thumb\v6-m\nofp\libc_nano.a(lib_a-nano-mallocr.o)
                0x08004190                _malloc_r
 .text          0x0800427c        0x0 C:\ubc\ELEC 291\gcc\gcc-arm-none-eabi-10.3-2021.10\arm-none-eabi\lib\thumb\v6-m\nofp\libc_nano.a(lib_a-nano-vfprintf_float.o)
 .text.__cvt    0x0800427c       0xc6 C:\ubc\ELEC 291\gcc\gcc-arm-none-eabi-10.3-2021.10\arm-none-eabi\lib\thumb\v6-m\nofp\libc_nano.a(lib_a-nano-vfprintf_float.o)
                0x0800427c                __cvt
 .text.__exponent
                0x08004342       0x8e C:\ubc\ELEC 291\gcc\gcc-arm-none-eabi-10.3-2021.10\arm-none-eabi\lib\thumb\v6-m\nofp\libc_nano.a(lib_a-nano-vfprintf_float.o)
                0x08004342                __exponent
 .text._printf_float
                0x080043d0      0x484 C:\ubc\ELEC 291\gcc\gcc-arm-none-eabi-10.3-2021.10\arm-none-eabi\lib\thumb\v6-m\nofp\libc_nano.a(lib_a-nano-vfprintf_float.o)
                0x080043d0                _printf_float
 .text          0x08004854        0x0 C:\ubc\ELEC 291\gcc\gcc-arm-none-eabi-10.3-2021.10\arm-none-eabi\lib\thumb\v6-m\nofp\libc_nano.a(lib_a-nano-vfprintf_i.o)
 .text._printf_common
                0x08004854       0xde C:\ubc\ELEC 291\gcc\gcc-arm-none-eabi-10.3-2021.10\arm-none-eabi\lib\thumb\v6-m\nofp\libc_nano.a(lib_a-nano-vfprintf_i.o)
                0x08004854                _printf_common
 *fill*         0x08004932        0x2 
 .text._printf_i
                0x08004934      0x224 C:\ubc\ELEC 291\gcc\gcc-arm-none-eabi-10.3-2021.10\arm-none-eabi\lib\thumb\v6-m\nofp\libc_nano.a(lib_a-nano-vfprintf_i.o)
                0x08004934                _printf_i
 .text          0x08004b58        0x0 C:\ubc\ELEC 291\gcc\gcc-arm-none-eabi-10.3-2021.10\arm-none-eabi\lib\thumb\v6-m\nofp\libc_nano.a(lib_a-printf.o)
 .text._printf_r
                0x08004b58       0x28 C:\ubc\ELEC 291\gcc\gcc-arm-none-eabi-10.3-2021.10\arm-none-eabi\lib\thumb\v6-m\nofp\libc_nano.a(lib_a-printf.o)
                0x08004b58                _iprintf_r
                0x08004b58                _printf_r
 .text.printf   0x08004b80       0x34 C:\ubc\ELEC 291\gcc\gcc-arm-none-eabi-10.3-2021.10\arm-none-eabi\lib\thumb\v6-m\nofp\libc_nano.a(lib_a-printf.o)
                0x08004b80                iprintf
                0x08004b80                printf
 .text          0x08004bb4        0x0 C:\ubc\ELEC 291\gcc\gcc-arm-none-eabi-10.3-2021.10\arm-none-eabi\lib\thumb\v6-m\nofp\libc_nano.a(lib_a-puts.o)
 .text._puts_r  0x08004bb4       0xe4 C:\ubc\ELEC 291\gcc\gcc-arm-none-eabi-10.3-2021.10\arm-none-eabi\lib\thumb\v6-m\nofp\libc_nano.a(lib_a-puts.o)
                0x08004bb4                _puts_r
 .text.puts     0x08004c98       0x14 C:\ubc\ELEC 291\gcc\gcc-arm-none-eabi-10.3-2021.10\arm-none-eabi\lib\thumb\v6-m\nofp\libc_nano.a(lib_a-puts.o)
                0x08004c98                puts
 .text          0x08004cac        0x0 C:\ubc\ELEC 291\gcc\gcc-arm-none-eabi-10.3-2021.10\arm-none-eabi\lib\thumb\v6-m\nofp\libc_nano.a(lib_a-sbrkr.o)
 .text._sbrk_r  0x08004cac       0x24 C:\ubc\ELEC 291\gcc\gcc-arm-none-eabi-10.3-2021.10\arm-none-eabi\lib\thumb\v6-m\nofp\libc_nano.a(lib_a-sbrkr.o)
                0x08004cac                _sbrk_r
 .text          0x08004cd0        0x0 C:\ubc\ELEC 291\gcc\gcc-arm-none-eabi-10.3-2021.10\arm-none-eabi\lib\thumb\v6-m\nofp\libc_nano.a(lib_a-sprintf.o)
 .text._sprintf_r
                0x08004cd0       0x38 C:\ubc\ELEC 291\gcc\gcc-arm-none-eabi-10.3-2021.10\arm-none-eabi\lib\thumb\v6-m\nofp\libc_nano.a(lib_a-sprintf.o)
                0x08004cd0                _sprintf_r
                0x08004cd0                _siprintf_r
 .text.sprintf  0x08004d08       0x40 C:\ubc\ELEC 291\gcc\gcc-arm-none-eabi-10.3-2021.10\arm-none-eabi\lib\thumb\v6-m\nofp\libc_nano.a(lib_a-sprintf.o)
                0x08004d08                siprintf
                0x08004d08                sprintf
 .text          0x08004d48        0x0 C:\ubc\ELEC 291\gcc\gcc-arm-none-eabi-10.3-2021.10\arm-none-eabi\lib\thumb\v6-m\nofp\libc_nano.a(lib_a-sscanf.o)
 .text.sscanf   0x08004d48       0x50 C:\ubc\ELEC 291\gcc\gcc-arm-none-eabi-10.3-2021.10\arm-none-eabi\lib\thumb\v6-m\nofp\libc_nano.a(lib_a-sscanf.o)
                0x08004d48                siscanf
                0x08004d48                sscanf
 .text._sscanf_r
                0x08004d98       0x50 C:\ubc\ELEC 291\gcc\gcc-arm-none-eabi-10.3-2021.10\arm-none-eabi\lib\thumb\v6-m\nofp\libc_nano.a(lib_a-sscanf.o)
                0x08004d98                _sscanf_r
                0x08004d98                _siscanf_r
 .text          0x08004de8        0x0 C:\ubc\ELEC 291\gcc\gcc-arm-none-eabi-10.3-2021.10\arm-none-eabi\lib\thumb\v6-m\nofp\libc_nano.a(lib_a-stdio.o)
 .text.__sread  0x08004de8       0x28 C:\ubc\ELEC 291\gcc\gcc-arm-none-eabi-10.3-2021.10\arm-none-eabi\lib\thumb\v6-m\nofp\libc_nano.a(lib_a-stdio.o)
                0x08004de8                __sread
 .text.__seofread
                0x08004e10        0x4 C:\ubc\ELEC 291\gcc\gcc-arm-none-eabi-10.3-2021.10\arm-none-eabi\lib\thumb\v6-m\nofp\libc_nano.a(lib_a-stdio.o)
                0x08004e10                __seofread
 .text.__swrite
                0x08004e14       0x38 C:\ubc\ELEC 291\gcc\gcc-arm-none-eabi-10.3-2021.10\arm-none-eabi\lib\thumb\v6-m\nofp\libc_nano.a(lib_a-stdio.o)
                0x08004e14                __swrite
 .text.__sseek  0x08004e4c       0x2c C:\ubc\ELEC 291\gcc\gcc-arm-none-eabi-10.3-2021.10\arm-none-eabi\lib\thumb\v6-m\nofp\libc_nano.a(lib_a-stdio.o)
                0x08004e4c                __sseek
 .text.__sclose
                0x08004e78        0xc C:\ubc\ELEC 291\gcc\gcc-arm-none-eabi-10.3-2021.10\arm-none-eabi\lib\thumb\v6-m\nofp\libc_nano.a(lib_a-stdio.o)
                0x08004e78                __sclose
 .text          0x08004e84        0xe C:\ubc\ELEC 291\gcc\gcc-arm-none-eabi-10.3-2021.10\arm-none-eabi\lib\thumb\v6-m\nofp\libc_nano.a(lib_a-strlen.o)
                0x08004e84                strlen
 .text          0x08004e92        0x0 C:\ubc\ELEC 291\gcc\gcc-arm-none-eabi-10.3-2021.10\arm-none-eabi\lib\thumb\v6-m\nofp\libc_nano.a(lib_a-wbuf.o)
 *fill*         0x08004e92        0x2 
 .text.__swbuf_r
                0x08004e94       0xac C:\ubc\ELEC 291\gcc\gcc-arm-none-eabi-10.3-2021.10\arm-none-eabi\lib\thumb\v6-m\nofp\libc_nano.a(lib_a-wbuf.o)
                0x08004e94                __swbuf_r
 .text.__swbuf  0x08004f40       0x14 C:\ubc\ELEC 291\gcc\gcc-arm-none-eabi-10.3-2021.10\arm-none-eabi\lib\thumb\v6-m\nofp\libc_nano.a(lib_a-wbuf.o)
                0x08004f40                __swbuf
 .text          0x08004f54        0x0 C:\ubc\ELEC 291\gcc\gcc-arm-none-eabi-10.3-2021.10\arm-none-eabi\lib\thumb\v6-m\nofp\libc_nano.a(lib_a-writer.o)
 .text._write_r
                0x08004f54       0x28 C:\ubc\ELEC 291\gcc\gcc-arm-none-eabi-10.3-2021.10\arm-none-eabi\lib\thumb\v6-m\nofp\libc_nano.a(lib_a-writer.o)
                0x08004f54                _write_r
 .text          0x08004f7c        0x0 C:\ubc\ELEC 291\gcc\gcc-arm-none-eabi-10.3-2021.10\arm-none-eabi\lib\thumb\v6-m\nofp\libc_nano.a(lib_a-wsetup.o)
 .text.__swsetup_r
                0x08004f7c       0xf0 C:\ubc\ELEC 291\gcc\gcc-arm-none-eabi-10.3-2021.10\arm-none-eabi\lib\thumb\v6-m\nofp\libc_nano.a(lib_a-wsetup.o)
                0x08004f7c                __swsetup_r
 .text          0x0800506c        0x0 C:\ubc\ELEC 291\gcc\gcc-arm-none-eabi-10.3-2021.10\arm-none-eabi\lib\thumb\v6-m\nofp\libc_nano.a(lib_a-closer.o)
 .text._close_r
                0x0800506c       0x24 C:\ubc\ELEC 291\gcc\gcc-arm-none-eabi-10.3-2021.10\arm-none-eabi\lib\thumb\v6-m\nofp\libc_nano.a(lib_a-closer.o)
                0x0800506c                _close_r
 .text          0x08005090        0x0 C:\ubc\ELEC 291\gcc\gcc-arm-none-eabi-10.3-2021.10\arm-none-eabi\lib\thumb\v6-m\nofp\libc_nano.a(lib_a-dtoa.o)
 .text.quorem   0x08005090      0x116 C:\ubc\ELEC 291\gcc\gcc-arm-none-eabi-10.3-2021.10\arm-none-eabi\lib\thumb\v6-m\nofp\libc_nano.a(lib_a-dtoa.o)
 *fill*         0x080051a6        0x2 
 .text._dtoa_r  0x080051a8      0xc34 C:\ubc\ELEC 291\gcc\gcc-arm-none-eabi-10.3-2021.10\arm-none-eabi\lib\thumb\v6-m\nofp\libc_nano.a(lib_a-dtoa.o)
                0x080051a8                _dtoa_r
 .text          0x08005ddc        0x0 C:\ubc\ELEC 291\gcc\gcc-arm-none-eabi-10.3-2021.10\arm-none-eabi\lib\thumb\v6-m\nofp\libc_nano.a(lib_a-localeconv.o)
 .text.__localeconv_l
                0x08005ddc        0x4 C:\ubc\ELEC 291\gcc\gcc-arm-none-eabi-10.3-2021.10\arm-none-eabi\lib\thumb\v6-m\nofp\libc_nano.a(lib_a-localeconv.o)
                0x08005ddc                __localeconv_l
 .text._localeconv_r
                0x08005de0        0x8 C:\ubc\ELEC 291\gcc\gcc-arm-none-eabi-10.3-2021.10\arm-none-eabi\lib\thumb\v6-m\nofp\libc_nano.a(lib_a-localeconv.o)
                0x08005de0                _localeconv_r
 .text.localeconv
                0x08005de8        0x8 C:\ubc\ELEC 291\gcc\gcc-arm-none-eabi-10.3-2021.10\arm-none-eabi\lib\thumb\v6-m\nofp\libc_nano.a(lib_a-localeconv.o)
                0x08005de8                localeconv
 .text          0x08005df0        0x0 C:\ubc\ELEC 291\gcc\gcc-arm-none-eabi-10.3-2021.10\arm-none-eabi\lib\thumb\v6-m\nofp\libc_nano.a(lib_a-lseekr.o)
 .text._lseek_r
                0x08005df0       0x28 C:\ubc\ELEC 291\gcc\gcc-arm-none-eabi-10.3-2021.10\arm-none-eabi\lib\thumb\v6-m\nofp\libc_nano.a(lib_a-lseekr.o)
                0x08005df0                _lseek_r
 .text          0x08005e18        0x0 C:\ubc\ELEC 291\gcc\gcc-arm-none-eabi-10.3-2021.10\arm-none-eabi\lib\thumb\v6-m\nofp\libc_nano.a(lib_a-makebuf.o)
 .text.__swhatbuf_r
                0x08005e18       0x50 C:\ubc\ELEC 291\gcc\gcc-arm-none-eabi-10.3-2021.10\arm-none-eabi\lib\thumb\v6-m\nofp\libc_nano.a(lib_a-makebuf.o)
                0x08005e18                __swhatbuf_r
 .text.__smakebuf_r
                0x08005e68       0x88 C:\ubc\ELEC 291\gcc\gcc-arm-none-eabi-10.3-2021.10\arm-none-eabi\lib\thumb\v6-m\nofp\libc_nano.a(lib_a-makebuf.o)
                0x08005e68                __smakebuf_r
 .text          0x08005ef0        0x0 C:\ubc\ELEC 291\gcc\gcc-arm-none-eabi-10.3-2021.10\arm-none-eabi\lib\thumb\v6-m\nofp\libc_nano.a(lib_a-malloc.o)
 .text.malloc   0x08005ef0       0x14 C:\ubc\ELEC 291\gcc\gcc-arm-none-eabi-10.3-2021.10\arm-none-eabi\lib\thumb\v6-m\nofp\libc_nano.a(lib_a-malloc.o)
                0x08005ef0                malloc
 .text.free     0x08005f04       0x14 C:\ubc\ELEC 291\gcc\gcc-arm-none-eabi-10.3-2021.10\arm-none-eabi\lib\thumb\v6-m\nofp\libc_nano.a(lib_a-malloc.o)
                0x08005f04                free
 .text          0x08005f18        0x0 C:\ubc\ELEC 291\gcc\gcc-arm-none-eabi-10.3-2021.10\arm-none-eabi\lib\thumb\v6-m\nofp\libc_nano.a(lib_a-memchr-stub.o)
 .text.memchr   0x08005f18       0x16 C:\ubc\ELEC 291\gcc\gcc-arm-none-eabi-10.3-2021.10\arm-none-eabi\lib\thumb\v6-m\nofp\libc_nano.a(lib_a-memchr-stub.o)
                0x08005f18                memchr
 .text          0x08005f2e        0x0 C:\ubc\ELEC 291\gcc\gcc-arm-none-eabi-10.3-2021.10\arm-none-eabi\lib\thumb\v6-m\nofp\libc_nano.a(lib_a-memcpy-stub.o)
 .text.memcpy   0x08005f2e       0x12 C:\ubc\ELEC 291\gcc\gcc-arm-none-eabi-10.3-2021.10\arm-none-eabi\lib\thumb\v6-m\nofp\libc_nano.a(lib_a-memcpy-stub.o)
                0x08005f2e                memcpy
 .text          0x08005f40        0x0 C:\ubc\ELEC 291\gcc\gcc-arm-none-eabi-10.3-2021.10\arm-none-eabi\lib\thumb\v6-m\nofp\libc_nano.a(lib_a-mlock.o)
 .text.__malloc_lock
                0x08005f40       0x10 C:\ubc\ELEC 291\gcc\gcc-arm-none-eabi-10.3-2021.10\arm-none-eabi\lib\thumb\v6-m\nofp\libc_nano.a(lib_a-mlock.o)
                0x08005f40                __malloc_lock
 .text.__malloc_unlock
                0x08005f50       0x10 C:\ubc\ELEC 291\gcc\gcc-arm-none-eabi-10.3-2021.10\arm-none-eabi\lib\thumb\v6-m\nofp\libc_nano.a(lib_a-mlock.o)
                0x08005f50                __malloc_unlock
 .text          0x08005f60        0x0 C:\ubc\ELEC 291\gcc\gcc-arm-none-eabi-10.3-2021.10\arm-none-eabi\lib\thumb\v6-m\nofp\libc_nano.a(lib_a-mprec.o)
 .text._Balloc  0x08005f60       0x88 C:\ubc\ELEC 291\gcc\gcc-arm-none-eabi-10.3-2021.10\arm-none-eabi\lib\thumb\v6-m\nofp\libc_nano.a(lib_a-mprec.o)
                0x08005f60                _Balloc
 .text._Bfree   0x08005fe8       0x48 C:\ubc\ELEC 291\gcc\gcc-arm-none-eabi-10.3-2021.10\arm-none-eabi\lib\thumb\v6-m\nofp\libc_nano.a(lib_a-mprec.o)
                0x08005fe8                _Bfree
 .text.__multadd
                0x08006030       0x88 C:\ubc\ELEC 291\gcc\gcc-arm-none-eabi-10.3-2021.10\arm-none-eabi\lib\thumb\v6-m\nofp\libc_nano.a(lib_a-mprec.o)
                0x08006030                __multadd
 .text.__s2b    0x080060b8       0x98 C:\ubc\ELEC 291\gcc\gcc-arm-none-eabi-10.3-2021.10\arm-none-eabi\lib\thumb\v6-m\nofp\libc_nano.a(lib_a-mprec.o)
                0x080060b8                __s2b
 .text.__hi0bits
                0x08006150       0x34 C:\ubc\ELEC 291\gcc\gcc-arm-none-eabi-10.3-2021.10\arm-none-eabi\lib\thumb\v6-m\nofp\libc_nano.a(lib_a-mprec.o)
                0x08006150                __hi0bits
 .text.__lo0bits
                0x08006184       0x5c C:\ubc\ELEC 291\gcc\gcc-arm-none-eabi-10.3-2021.10\arm-none-eabi\lib\thumb\v6-m\nofp\libc_nano.a(lib_a-mprec.o)
                0x08006184                __lo0bits
 .text.__i2b    0x080061e0       0x2c C:\ubc\ELEC 291\gcc\gcc-arm-none-eabi-10.3-2021.10\arm-none-eabi\lib\thumb\v6-m\nofp\libc_nano.a(lib_a-mprec.o)
                0x080061e0                __i2b
 .text.__multiply
                0x0800620c      0x160 C:\ubc\ELEC 291\gcc\gcc-arm-none-eabi-10.3-2021.10\arm-none-eabi\lib\thumb\v6-m\nofp\libc_nano.a(lib_a-mprec.o)
                0x0800620c                __multiply
 .text.__pow5mult
                0x0800636c       0xb8 C:\ubc\ELEC 291\gcc\gcc-arm-none-eabi-10.3-2021.10\arm-none-eabi\lib\thumb\v6-m\nofp\libc_nano.a(lib_a-mprec.o)
                0x0800636c                __pow5mult
 .text.__lshift
                0x08006424       0xdc C:\ubc\ELEC 291\gcc\gcc-arm-none-eabi-10.3-2021.10\arm-none-eabi\lib\thumb\v6-m\nofp\libc_nano.a(lib_a-mprec.o)
                0x08006424                __lshift
 .text.__mcmp   0x08006500       0x36 C:\ubc\ELEC 291\gcc\gcc-arm-none-eabi-10.3-2021.10\arm-none-eabi\lib\thumb\v6-m\nofp\libc_nano.a(lib_a-mprec.o)
                0x08006500                __mcmp
 *fill*         0x08006536        0x2 
 .text.__mdiff  0x08006538      0x130 C:\ubc\ELEC 291\gcc\gcc-arm-none-eabi-10.3-2021.10\arm-none-eabi\lib\thumb\v6-m\nofp\libc_nano.a(lib_a-mprec.o)
                0x08006538                __mdiff
 .text.__ulp    0x08006668       0x48 C:\ubc\ELEC 291\gcc\gcc-arm-none-eabi-10.3-2021.10\arm-none-eabi\lib\thumb\v6-m\nofp\libc_nano.a(lib_a-mprec.o)
                0x08006668                __ulp
 .text.__b2d    0x080066b0       0xa0 C:\ubc\ELEC 291\gcc\gcc-arm-none-eabi-10.3-2021.10\arm-none-eabi\lib\thumb\v6-m\nofp\libc_nano.a(lib_a-mprec.o)
                0x080066b0                __b2d
 .text.__d2b    0x08006750       0xc8 C:\ubc\ELEC 291\gcc\gcc-arm-none-eabi-10.3-2021.10\arm-none-eabi\lib\thumb\v6-m\nofp\libc_nano.a(lib_a-mprec.o)
                0x08006750                __d2b
 .text.__ratio  0x08006818       0x52 C:\ubc\ELEC 291\gcc\gcc-arm-none-eabi-10.3-2021.10\arm-none-eabi\lib\thumb\v6-m\nofp\libc_nano.a(lib_a-mprec.o)
                0x08006818                __ratio
 *fill*         0x0800686a        0x2 
 .text._mprec_log10
                0x0800686c       0x34 C:\ubc\ELEC 291\gcc\gcc-arm-none-eabi-10.3-2021.10\arm-none-eabi\lib\thumb\v6-m\nofp\libc_nano.a(lib_a-mprec.o)
                0x0800686c                _mprec_log10
 .text.__copybits
                0x080068a0       0x42 C:\ubc\ELEC 291\gcc\gcc-arm-none-eabi-10.3-2021.10\arm-none-eabi\lib\thumb\v6-m\nofp\libc_nano.a(lib_a-mprec.o)
                0x080068a0                __copybits
 .text.__any_on
                0x080068e2       0x46 C:\ubc\ELEC 291\gcc\gcc-arm-none-eabi-10.3-2021.10\arm-none-eabi\lib\thumb\v6-m\nofp\libc_nano.a(lib_a-mprec.o)
                0x080068e2                __any_on
 .text          0x08006928        0x0 C:\ubc\ELEC 291\gcc\gcc-arm-none-eabi-10.3-2021.10\arm-none-eabi\lib\thumb\v6-m\nofp\libc_nano.a(lib_a-nano-callocr.o)
 .text._calloc_r
                0x08006928       0x58 C:\ubc\ELEC 291\gcc\gcc-arm-none-eabi-10.3-2021.10\arm-none-eabi\lib\thumb\v6-m\nofp\libc_nano.a(lib_a-nano-callocr.o)
                0x08006928                _calloc_r
 .text          0x08006980        0x0 C:\ubc\ELEC 291\gcc\gcc-arm-none-eabi-10.3-2021.10\arm-none-eabi\lib\thumb\v6-m\nofp\libc_nano.a(lib_a-nano-svfprintf.o)
 .text.__ssputs_r
                0x08006980       0xc4 C:\ubc\ELEC 291\gcc\gcc-arm-none-eabi-10.3-2021.10\arm-none-eabi\lib\thumb\v6-m\nofp\libc_nano.a(lib_a-nano-svfprintf.o)
                0x08006980                __ssputs_r
 .text.__ssprint_r
                0x08006a44      0x100 C:\ubc\ELEC 291\gcc\gcc-arm-none-eabi-10.3-2021.10\arm-none-eabi\lib\thumb\v6-m\nofp\libc_nano.a(lib_a-nano-svfprintf.o)
                0x08006a44                __ssprint_r
 .text._svfprintf_r
                0x08006b44      0x200 C:\ubc\ELEC 291\gcc\gcc-arm-none-eabi-10.3-2021.10\arm-none-eabi\lib\thumb\v6-m\nofp\libc_nano.a(lib_a-nano-svfprintf.o)
                0x08006b44                _svfiprintf_r
                0x08006b44                _svfprintf_r
 .text          0x08006d44        0x0 C:\ubc\ELEC 291\gcc\gcc-arm-none-eabi-10.3-2021.10\arm-none-eabi\lib\thumb\v6-m\nofp\libc_nano.a(lib_a-nano-svfscanf.o)
 .text._sungetc_r
                0x08006d44       0x78 C:\ubc\ELEC 291\gcc\gcc-arm-none-eabi-10.3-2021.10\arm-none-eabi\lib\thumb\v6-m\nofp\libc_nano.a(lib_a-nano-svfscanf.o)
                0x08006d44                _sungetc_r
 .text.__ssrefill_r
                0x08006dbc       0x3e C:\ubc\ELEC 291\gcc\gcc-arm-none-eabi-10.3-2021.10\arm-none-eabi\lib\thumb\v6-m\nofp\libc_nano.a(lib_a-nano-svfscanf.o)
                0x08006dbc                __ssrefill_r
 *fill*         0x08006dfa        0x2 
 .text.__ssvfscanf_r
                0x08006dfc      0x2fc C:\ubc\ELEC 291\gcc\gcc-arm-none-eabi-10.3-2021.10\arm-none-eabi\lib\thumb\v6-m\nofp\libc_nano.a(lib_a-nano-svfscanf.o)
                0x08006dfc                __ssvfiscanf_r
                0x08006dfc                __ssvfscanf_r
 .text          0x080070f8        0x0 C:\ubc\ELEC 291\gcc\gcc-arm-none-eabi-10.3-2021.10\arm-none-eabi\lib\thumb\v6-m\nofp\libc_nano.a(lib_a-nano-vfprintf.o)
 .text.__sfputc_r
                0x080070f8       0x2a C:\ubc\ELEC 291\gcc\gcc-arm-none-eabi-10.3-2021.10\arm-none-eabi\lib\thumb\v6-m\nofp\libc_nano.a(lib_a-nano-vfprintf.o)
 .text.__sfputs_r
                0x08007122       0x24 C:\ubc\ELEC 291\gcc\gcc-arm-none-eabi-10.3-2021.10\arm-none-eabi\lib\thumb\v6-m\nofp\libc_nano.a(lib_a-nano-vfprintf.o)
                0x08007122                __sfputs_r
 .text.__sprint_r
                0x08007146       0x1c C:\ubc\ELEC 291\gcc\gcc-arm-none-eabi-10.3-2021.10\arm-none-eabi\lib\thumb\v6-m\nofp\libc_nano.a(lib_a-nano-vfprintf.o)
                0x08007146                __sprint_r
 *fill*         0x08007162        0x2 
 .text._vfprintf_r
                0x08007164      0x274 C:\ubc\ELEC 291\gcc\gcc-arm-none-eabi-10.3-2021.10\arm-none-eabi\lib\thumb\v6-m\nofp\libc_nano.a(lib_a-nano-vfprintf.o)
                0x08007164                _vfprintf_r
                0x08007164                _vfiprintf_r
 .text.vfprintf
                0x080073d8       0x18 C:\ubc\ELEC 291\gcc\gcc-arm-none-eabi-10.3-2021.10\arm-none-eabi\lib\thumb\v6-m\nofp\libc_nano.a(lib_a-nano-vfprintf.o)
                0x080073d8                vfprintf
                0x080073d8                vfiprintf
 .text          0x080073f0        0x0 C:\ubc\ELEC 291\gcc\gcc-arm-none-eabi-10.3-2021.10\arm-none-eabi\lib\thumb\v6-m\nofp\libc_nano.a(lib_a-nano-vfscanf_i.o)
 .text._scanf_chars
                0x080073f0       0xbc C:\ubc\ELEC 291\gcc\gcc-arm-none-eabi-10.3-2021.10\arm-none-eabi\lib\thumb\v6-m\nofp\libc_nano.a(lib_a-nano-vfscanf_i.o)
                0x080073f0                _scanf_chars
 .text._scanf_i
                0x080074ac      0x208 C:\ubc\ELEC 291\gcc\gcc-arm-none-eabi-10.3-2021.10\arm-none-eabi\lib\thumb\v6-m\nofp\libc_nano.a(lib_a-nano-vfscanf_i.o)
                0x080074ac                _scanf_i
 .text          0x080076b4        0x0 C:\ubc\ELEC 291\gcc\gcc-arm-none-eabi-10.3-2021.10\arm-none-eabi\lib\thumb\v6-m\nofp\libc_nano.a(lib_a-readr.o)
 .text._read_r  0x080076b4       0x28 C:\ubc\ELEC 291\gcc\gcc-arm-none-eabi-10.3-2021.10\arm-none-eabi\lib\thumb\v6-m\nofp\libc_nano.a(lib_a-readr.o)
                0x080076b4                _read_r
 .text          0x080076dc        0x0 C:\ubc\ELEC 291\gcc\gcc-arm-none-eabi-10.3-2021.10\arm-none-eabi\lib\thumb\v6-m\nofp\libc_nano.a(lib_a-sccl.o)
 .text.__sccl   0x080076dc       0x78 C:\ubc\ELEC 291\gcc\gcc-arm-none-eabi-10.3-2021.10\arm-none-eabi\lib\thumb\v6-m\nofp\libc_nano.a(lib_a-sccl.o)
                0x080076dc                __sccl
 .text          0x08007754        0x0 C:\ubc\ELEC 291\gcc\gcc-arm-none-eabi-10.3-2021.10\arm-none-eabi\lib\thumb\v6-m\nofp\libc_nano.a(lib_a-strtol.o)
 .text._strtol_l.constprop.0
                0x08007754      0x11c C:\ubc\ELEC 291\gcc\gcc-arm-none-eabi-10.3-2021.10\arm-none-eabi\lib\thumb\v6-m\nofp\libc_nano.a(lib_a-strtol.o)
 .text._strtol_r
                0x08007870        0x8 C:\ubc\ELEC 291\gcc\gcc-arm-none-eabi-10.3-2021.10\arm-none-eabi\lib\thumb\v6-m\nofp\libc_nano.a(lib_a-strtol.o)
                0x08007870                _strtol_r
 .text.strtol_l
                0x08007878       0x18 C:\ubc\ELEC 291\gcc\gcc-arm-none-eabi-10.3-2021.10\arm-none-eabi\lib\thumb\v6-m\nofp\libc_nano.a(lib_a-strtol.o)
                0x08007878                strtol_l
 .text.strtol   0x08007890       0x18 C:\ubc\ELEC 291\gcc\gcc-arm-none-eabi-10.3-2021.10\arm-none-eabi\lib\thumb\v6-m\nofp\libc_nano.a(lib_a-strtol.o)
                0x08007890                strtol
 .text          0x080078a8        0x0 C:\ubc\ELEC 291\gcc\gcc-arm-none-eabi-10.3-2021.10\arm-none-eabi\lib\thumb\v6-m\nofp\libc_nano.a(lib_a-strtoul.o)
 .text._strtoul_l.constprop.0
                0x080078a8      0x114 C:\ubc\ELEC 291\gcc\gcc-arm-none-eabi-10.3-2021.10\arm-none-eabi\lib\thumb\v6-m\nofp\libc_nano.a(lib_a-strtoul.o)
 .text._strtoul_r
                0x080079bc        0x8 C:\ubc\ELEC 291\gcc\gcc-arm-none-eabi-10.3-2021.10\arm-none-eabi\lib\thumb\v6-m\nofp\libc_nano.a(lib_a-strtoul.o)
                0x080079bc                _strtoul_r
 .text.strtoul_l
                0x080079c4       0x18 C:\ubc\ELEC 291\gcc\gcc-arm-none-eabi-10.3-2021.10\arm-none-eabi\lib\thumb\v6-m\nofp\libc_nano.a(lib_a-strtoul.o)
                0x080079c4                strtoul_l
 .text.strtoul  0x080079dc       0x18 C:\ubc\ELEC 291\gcc\gcc-arm-none-eabi-10.3-2021.10\arm-none-eabi\lib\thumb\v6-m\nofp\libc_nano.a(lib_a-strtoul.o)
                0x080079dc                strtoul
 .text          0x080079f4        0x0 C:\ubc\ELEC 291\gcc\gcc-arm-none-eabi-10.3-2021.10\arm-none-eabi\lib\thumb\v6-m\nofp\libc_nano.a(lib_a-ungetc.o)
 .text.__submore
                0x080079f4       0x7c C:\ubc\ELEC 291\gcc\gcc-arm-none-eabi-10.3-2021.10\arm-none-eabi\lib\thumb\v6-m\nofp\libc_nano.a(lib_a-ungetc.o)
                0x080079f4                __submore
 .text._ungetc_r
                0x08007a70      0x138 C:\ubc\ELEC 291\gcc\gcc-arm-none-eabi-10.3-2021.10\arm-none-eabi\lib\thumb\v6-m\nofp\libc_nano.a(lib_a-ungetc.o)
                0x08007a70                _ungetc_r
 .text.ungetc   0x08007ba8       0x14 C:\ubc\ELEC 291\gcc\gcc-arm-none-eabi-10.3-2021.10\arm-none-eabi\lib\thumb\v6-m\nofp\libc_nano.a(lib_a-ungetc.o)
                0x08007ba8                ungetc
 .text          0x08007bbc        0x0 C:\ubc\ELEC 291\gcc\gcc-arm-none-eabi-10.3-2021.10\arm-none-eabi\lib\thumb\v6-m\nofp\libc_nano.a(lib_a-assert.o)
 .text.__assert_func
                0x08007bbc       0x3c C:\ubc\ELEC 291\gcc\gcc-arm-none-eabi-10.3-2021.10\arm-none-eabi\lib\thumb\v6-m\nofp\libc_nano.a(lib_a-assert.o)
                0x08007bbc                __assert_func
 .text.__assert
                0x08007bf8        0xa C:\ubc\ELEC 291\gcc\gcc-arm-none-eabi-10.3-2021.10\arm-none-eabi\lib\thumb\v6-m\nofp\libc_nano.a(lib_a-assert.o)
                0x08007bf8                __assert
 .text          0x08007c02        0x0 C:\ubc\ELEC 291\gcc\gcc-arm-none-eabi-10.3-2021.10\arm-none-eabi\lib\thumb\v6-m\nofp\libc_nano.a(lib_a-ctype_.o)
 .text          0x08007c02        0x0 C:\ubc\ELEC 291\gcc\gcc-arm-none-eabi-10.3-2021.10\arm-none-eabi\lib\thumb\v6-m\nofp\libc_nano.a(lib_a-errno.o)
 *fill*         0x08007c02        0x2 
 .text.__errno  0x08007c04        0xc C:\ubc\ELEC 291\gcc\gcc-arm-none-eabi-10.3-2021.10\arm-none-eabi\lib\thumb\v6-m\nofp\libc_nano.a(lib_a-errno.o)
                0x08007c04                __errno
 .text          0x08007c10        0x0 C:\ubc\ELEC 291\gcc\gcc-arm-none-eabi-10.3-2021.10\arm-none-eabi\lib\thumb\v6-m\nofp\libc_nano.a(lib_a-fprintf.o)
 .text._fprintf_r
                0x08007c10       0x16 C:\ubc\ELEC 291\gcc\gcc-arm-none-eabi-10.3-2021.10\arm-none-eabi\lib\thumb\v6-m\nofp\libc_nano.a(lib_a-fprintf.o)
                0x08007c10                _fiprintf_r
                0x08007c10                _fprintf_r
 *fill*         0x08007c26        0x2 
 .text.fprintf  0x08007c28       0x20 C:\ubc\ELEC 291\gcc\gcc-arm-none-eabi-10.3-2021.10\arm-none-eabi\lib\thumb\v6-m\nofp\libc_nano.a(lib_a-fprintf.o)
                0x08007c28                fiprintf
                0x08007c28                fprintf
 .text          0x08007c48        0x0 C:\ubc\ELEC 291\gcc\gcc-arm-none-eabi-10.3-2021.10\arm-none-eabi\lib\thumb\v6-m\nofp\libc_nano.a(lib_a-fstatr.o)
 .text._fstat_r
                0x08007c48       0x24 C:\ubc\ELEC 291\gcc\gcc-arm-none-eabi-10.3-2021.10\arm-none-eabi\lib\thumb\v6-m\nofp\libc_nano.a(lib_a-fstatr.o)
                0x08007c48                _fstat_r
 .text          0x08007c6c        0x0 C:\ubc\ELEC 291\gcc\gcc-arm-none-eabi-10.3-2021.10\arm-none-eabi\lib\thumb\v6-m\nofp\libc_nano.a(lib_a-fvwrite.o)
 .text.__sfvwrite_r
                0x08007c6c      0x2d0 C:\ubc\ELEC 291\gcc\gcc-arm-none-eabi-10.3-2021.10\arm-none-eabi\lib\thumb\v6-m\nofp\libc_nano.a(lib_a-fvwrite.o)
                0x08007c6c                __sfvwrite_r
 .text          0x08007f3c        0x0 C:\ubc\ELEC 291\gcc\gcc-arm-none-eabi-10.3-2021.10\arm-none-eabi\lib\thumb\v6-m\nofp\libc_nano.a(lib_a-isattyr.o)
 .text._isatty_r
                0x08007f3c       0x24 C:\ubc\ELEC 291\gcc\gcc-arm-none-eabi-10.3-2021.10\arm-none-eabi\lib\thumb\v6-m\nofp\libc_nano.a(lib_a-isattyr.o)
                0x08007f3c                _isatty_r
 .text          0x08007f60        0x0 C:\ubc\ELEC 291\gcc\gcc-arm-none-eabi-10.3-2021.10\arm-none-eabi\lib\thumb\v6-m\nofp\libc_nano.a(lib_a-locale.o)
 .text._setlocale_r
                0x08007f60       0x40 C:\ubc\ELEC 291\gcc\gcc-arm-none-eabi-10.3-2021.10\arm-none-eabi\lib\thumb\v6-m\nofp\libc_nano.a(lib_a-locale.o)
                0x08007f60                _setlocale_r
 .text.__locale_mb_cur_max
                0x08007fa0       0x10 C:\ubc\ELEC 291\gcc\gcc-arm-none-eabi-10.3-2021.10\arm-none-eabi\lib\thumb\v6-m\nofp\libc_nano.a(lib_a-locale.o)
                0x08007fa0                __locale_mb_cur_max
 .text.setlocale
                0x08007fb0       0x14 C:\ubc\ELEC 291\gcc\gcc-arm-none-eabi-10.3-2021.10\arm-none-eabi\lib\thumb\v6-m\nofp\libc_nano.a(lib_a-locale.o)
                0x08007fb0                setlocale
 .text          0x08007fc4        0x0 C:\ubc\ELEC 291\gcc\gcc-arm-none-eabi-10.3-2021.10\arm-none-eabi\lib\thumb\v6-m\nofp\libc_nano.a(lib_a-mbtowc_r.o)
 .text._mbtowc_r
                0x08007fc4       0x14 C:\ubc\ELEC 291\gcc\gcc-arm-none-eabi-10.3-2021.10\arm-none-eabi\lib\thumb\v6-m\nofp\libc_nano.a(lib_a-mbtowc_r.o)
                0x08007fc4                _mbtowc_r
 .text.__ascii_mbtowc
                0x08007fd8       0x24 C:\ubc\ELEC 291\gcc\gcc-arm-none-eabi-10.3-2021.10\arm-none-eabi\lib\thumb\v6-m\nofp\libc_nano.a(lib_a-mbtowc_r.o)
                0x08007fd8                __ascii_mbtowc
 .text          0x08007ffc        0x0 C:\ubc\ELEC 291\gcc\gcc-arm-none-eabi-10.3-2021.10\arm-none-eabi\lib\thumb\v6-m\nofp\libc_nano.a(lib_a-memmove.o)
 .text.memmove  0x08007ffc       0x26 C:\ubc\ELEC 291\gcc\gcc-arm-none-eabi-10.3-2021.10\arm-none-eabi\lib\thumb\v6-m\nofp\libc_nano.a(lib_a-memmove.o)
                0x08007ffc                memmove
 .text          0x08008022        0x0 C:\ubc\ELEC 291\gcc\gcc-arm-none-eabi-10.3-2021.10\arm-none-eabi\lib\thumb\v6-m\nofp\libc_nano.a(lib_a-nano-reallocr.o)
 .text._realloc_r
                0x08008022       0x5e C:\ubc\ELEC 291\gcc\gcc-arm-none-eabi-10.3-2021.10\arm-none-eabi\lib\thumb\v6-m\nofp\libc_nano.a(lib_a-nano-reallocr.o)
                0x08008022                _realloc_r
 .text          0x08008080       0x14 C:\ubc\ELEC 291\gcc\gcc-arm-none-eabi-10.3-2021.10\arm-none-eabi\lib\thumb\v6-m\nofp\libc_nano.a(lib_a-strcmp.o)
                0x08008080                strcmp
 .text          0x08008094        0x0 C:\ubc\ELEC 291\gcc\gcc-arm-none-eabi-10.3-2021.10\arm-none-eabi\lib\thumb\v6-m\nofp\libc_nano.a(lib_a-wctomb_r.o)
 .text._wctomb_r
                0x08008094       0x10 C:\ubc\ELEC 291\gcc\gcc-arm-none-eabi-10.3-2021.10\arm-none-eabi\lib\thumb\v6-m\nofp\libc_nano.a(lib_a-wctomb_r.o)
                0x08008094                _wctomb_r
 .text.__ascii_wctomb
                0x080080a4       0x1a C:\ubc\ELEC 291\gcc\gcc-arm-none-eabi-10.3-2021.10\arm-none-eabi\lib\thumb\v6-m\nofp\libc_nano.a(lib_a-wctomb_r.o)
                0x080080a4                __ascii_wctomb
 .text          0x080080be        0x0 C:\ubc\ELEC 291\gcc\gcc-arm-none-eabi-10.3-2021.10\arm-none-eabi\lib\thumb\v6-m\nofp\libc_nano.a(lib_a-abort.o)
 .text.abort    0x080080be        0xe C:\ubc\ELEC 291\gcc\gcc-arm-none-eabi-10.3-2021.10\arm-none-eabi\lib\thumb\v6-m\nofp\libc_nano.a(lib_a-abort.o)
                0x080080be                abort
 .text          0x080080cc        0x0 C:\ubc\ELEC 291\gcc\gcc-arm-none-eabi-10.3-2021.10\arm-none-eabi\lib\thumb\v6-m\nofp\libc_nano.a(lib_a-nano-msizer.o)
 .text._malloc_usable_size_r
                0x080080cc       0x10 C:\ubc\ELEC 291\gcc\gcc-arm-none-eabi-10.3-2021.10\arm-none-eabi\lib\thumb\v6-m\nofp\libc_nano.a(lib_a-nano-msizer.o)
                0x080080cc                _malloc_usable_size_r
 .text          0x080080dc        0x0 C:\ubc\ELEC 291\gcc\gcc-arm-none-eabi-10.3-2021.10\arm-none-eabi\lib\thumb\v6-m\nofp\libc_nano.a(lib_a-signal.o)
 .text._init_signal_r
                0x080080dc       0x2a C:\ubc\ELEC 291\gcc\gcc-arm-none-eabi-10.3-2021.10\arm-none-eabi\lib\thumb\v6-m\nofp\libc_nano.a(lib_a-signal.o)
                0x080080dc                _init_signal_r
 .text._signal_r
                0x08008106       0x32 C:\ubc\ELEC 291\gcc\gcc-arm-none-eabi-10.3-2021.10\arm-none-eabi\lib\thumb\v6-m\nofp\libc_nano.a(lib_a-signal.o)
                0x08008106                _signal_r
 .text._raise_r
                0x08008138       0x54 C:\ubc\ELEC 291\gcc\gcc-arm-none-eabi-10.3-2021.10\arm-none-eabi\lib\thumb\v6-m\nofp\libc_nano.a(lib_a-signal.o)
                0x08008138                _raise_r
 .text.__sigtramp_r
                0x0800818c       0x46 C:\ubc\ELEC 291\gcc\gcc-arm-none-eabi-10.3-2021.10\arm-none-eabi\lib\thumb\v6-m\nofp\libc_nano.a(lib_a-signal.o)
                0x0800818c                __sigtramp_r
 *fill*         0x080081d2        0x2 
 .text.raise    0x080081d4       0x14 C:\ubc\ELEC 291\gcc\gcc-arm-none-eabi-10.3-2021.10\arm-none-eabi\lib\thumb\v6-m\nofp\libc_nano.a(lib_a-signal.o)
                0x080081d4                raise
 .text.signal   0x080081e8       0x14 C:\ubc\ELEC 291\gcc\gcc-arm-none-eabi-10.3-2021.10\arm-none-eabi\lib\thumb\v6-m\nofp\libc_nano.a(lib_a-signal.o)
                0x080081e8                signal
 .text._init_signal
                0x080081fc       0x10 C:\ubc\ELEC 291\gcc\gcc-arm-none-eabi-10.3-2021.10\arm-none-eabi\lib\thumb\v6-m\nofp\libc_nano.a(lib_a-signal.o)
                0x080081fc                _init_signal
 .text.__sigtramp
                0x0800820c       0x14 C:\ubc\ELEC 291\gcc\gcc-arm-none-eabi-10.3-2021.10\arm-none-eabi\lib\thumb\v6-m\nofp\libc_nano.a(lib_a-signal.o)
                0x0800820c                __sigtramp
 .text          0x08008220        0x0 C:\ubc\ELEC 291\gcc\gcc-arm-none-eabi-10.3-2021.10\arm-none-eabi\lib\thumb\v6-m\nofp\libc_nano.a(lib_a-signalr.o)
 .text._kill_r  0x08008220       0x24 C:\ubc\ELEC 291\gcc\gcc-arm-none-eabi-10.3-2021.10\arm-none-eabi\lib\thumb\v6-m\nofp\libc_nano.a(lib_a-signalr.o)
                0x08008220                _kill_r
 .text._getpid_r
                0x08008244        0x8 C:\ubc\ELEC 291\gcc\gcc-arm-none-eabi-10.3-2021.10\arm-none-eabi\lib\thumb\v6-m\nofp\libc_nano.a(lib_a-signalr.o)
                0x08008244                _getpid_r
 .text          0x0800824c       0x14 C:\ubc\ELEC 291\gcc\gcc-arm-none-eabi-10.3-2021.10\lib\gcc\arm-none-eabi\10.3.1\thumb\v6-m\nofp\libgcc.a(_thumb1_case_uqi.o)
                0x0800824c                __gnu_thumb1_case_uqi
 .text          0x08008260       0x14 C:\ubc\ELEC 291\gcc\gcc-arm-none-eabi-10.3-2021.10\lib\gcc\arm-none-eabi\10.3.1\thumb\v6-m\nofp\libgcc.a(_thumb1_case_shi.o)
                0x08008260                __gnu_thumb1_case_shi
 .text          0x08008274       0x7c C:\ubc\ELEC 291\gcc\gcc-arm-none-eabi-10.3-2021.10\lib\gcc\arm-none-eabi\10.3.1\thumb\v6-m\nofp\libgcc.a(_arm_cmpdf2.o)
                0x08008274                __aeabi_cdrcmple
                0x08008284                __aeabi_cdcmple
                0x08008284                __aeabi_cdcmpeq
                0x08008294                __aeabi_dcmpeq
                0x080082a0                __aeabi_dcmplt
                0x080082b4                __aeabi_dcmple
                0x080082c8                __aeabi_dcmpgt
                0x080082dc                __aeabi_dcmpge
 .text          0x080082f0      0x678 C:\ubc\ELEC 291\gcc\gcc-arm-none-eabi-10.3-2021.10\lib\gcc\arm-none-eabi\10.3.1\thumb\v6-m\nofp\libgcc.a(adddf3.o)
                0x080082f0                __aeabi_dadd
 .text          0x08008968       0x84 C:\ubc\ELEC 291\gcc\gcc-arm-none-eabi-10.3-2021.10\lib\gcc\arm-none-eabi\10.3.1\thumb\v6-m\nofp\libgcc.a(eqdf2.o)
                0x08008968                __nedf2
                0x08008968                __eqdf2
 .text          0x080089ec       0xcc C:\ubc\ELEC 291\gcc\gcc-arm-none-eabi-10.3-2021.10\lib\gcc\arm-none-eabi\10.3.1\thumb\v6-m\nofp\libgcc.a(gedf2.o)
                0x080089ec                __gedf2
                0x080089ec                __gtdf2
 .text          0x08008ab8       0xc8 C:\ubc\ELEC 291\gcc\gcc-arm-none-eabi-10.3-2021.10\lib\gcc\arm-none-eabi\10.3.1\thumb\v6-m\nofp\libgcc.a(ledf2.o)
                0x08008ab8                __ledf2
                0x08008ab8                __ltdf2
 .text          0x08008b80      0x724 C:\ubc\ELEC 291\gcc\gcc-arm-none-eabi-10.3-2021.10\lib\gcc\arm-none-eabi\10.3.1\thumb\v6-m\nofp\libgcc.a(subdf3.o)
                0x08008b80                __aeabi_dsub
 .text          0x080092a4       0x3c C:\ubc\ELEC 291\gcc\gcc-arm-none-eabi-10.3-2021.10\lib\gcc\arm-none-eabi\10.3.1\thumb\v6-m\nofp\libgcc.a(unorddf2.o)
                0x080092a4                __aeabi_dcmpun
 .text          0x080092e0       0x6c C:\ubc\ELEC 291\gcc\gcc-arm-none-eabi-10.3-2021.10\lib\gcc\arm-none-eabi\10.3.1\thumb\v6-m\nofp\libgcc.a(fixdfsi.o)
                0x080092e0                __aeabi_d2iz
 .text          0x0800934c       0x4c C:\ubc\ELEC 291\gcc\gcc-arm-none-eabi-10.3-2021.10\lib\gcc\arm-none-eabi\10.3.1\thumb\v6-m\nofp\libgcc.a(floatunsidf.o)
                0x0800934c                __aeabi_ui2d
 *(.rodata*)
 .rodata        0x08009398      0x2b6 main.o
 *fill*         0x0800964e        0x2 
 .rodata        0x08009650       0x7c startup.o
 .rodata        0x080096cc       0x80 C:\ubc\ELEC 291\gcc\gcc-arm-none-eabi-10.3-2021.10\lib\gcc\arm-none-eabi\10.3.1\thumb\v6-m\nofp\libgcc.a(divsf3.o)
 .rodata        0x0800974c       0x40 C:\ubc\ELEC 291\gcc\gcc-arm-none-eabi-10.3-2021.10\lib\gcc\arm-none-eabi\10.3.1\thumb\v6-m\nofp\libgcc.a(mulsf3.o)
 .rodata        0x0800978c       0x40 C:\ubc\ELEC 291\gcc\gcc-arm-none-eabi-10.3-2021.10\lib\gcc\arm-none-eabi\10.3.1\thumb\v6-m\nofp\libgcc.a(divdf3.o)
 .rodata        0x080097cc       0x40 C:\ubc\ELEC 291\gcc\gcc-arm-none-eabi-10.3-2021.10\lib\gcc\arm-none-eabi\10.3.1\thumb\v6-m\nofp\libgcc.a(muldf3.o)
 .rodata.__sf_fake_stderr
                0x0800980c       0x20 C:\ubc\ELEC 291\gcc\gcc-arm-none-eabi-10.3-2021.10\arm-none-eabi\lib\thumb\v6-m\nofp\libc_nano.a(lib_a-findfp.o)
                0x0800980c                __sf_fake_stderr
 .rodata.__sf_fake_stdin
                0x0800982c       0x20 C:\ubc\ELEC 291\gcc\gcc-arm-none-eabi-10.3-2021.10\arm-none-eabi\lib\thumb\v6-m\nofp\libc_nano.a(lib_a-findfp.o)
                0x0800982c                __sf_fake_stdin
 .rodata.__sf_fake_stdout
                0x0800984c       0x20 C:\ubc\ELEC 291\gcc\gcc-arm-none-eabi-10.3-2021.10\arm-none-eabi\lib\thumb\v6-m\nofp\libc_nano.a(lib_a-findfp.o)
                0x0800984c                __sf_fake_stdout
 .rodata._global_impure_ptr
                0x0800986c        0x4 C:\ubc\ELEC 291\gcc\gcc-arm-none-eabi-10.3-2021.10\arm-none-eabi\lib\thumb\v6-m\nofp\libc_nano.a(lib_a-impure.o)
                0x0800986c                _global_impure_ptr
 .rodata._printf_float.str1.1
                0x08009870       0x10 C:\ubc\ELEC 291\gcc\gcc-arm-none-eabi-10.3-2021.10\arm-none-eabi\lib\thumb\v6-m\nofp\libc_nano.a(lib_a-nano-vfprintf_float.o)
                                 0x12 (size before relaxing)
 .rodata._printf_i.str1.1
                0x08009880       0x22 C:\ubc\ELEC 291\gcc\gcc-arm-none-eabi-10.3-2021.10\arm-none-eabi\lib\thumb\v6-m\nofp\libc_nano.a(lib_a-nano-vfprintf_i.o)
 .rodata._dtoa_r.str1.1
                0x080098a2       0xb3 C:\ubc\ELEC 291\gcc\gcc-arm-none-eabi-10.3-2021.10\arm-none-eabi\lib\thumb\v6-m\nofp\libc_nano.a(lib_a-dtoa.o)
                                 0xb5 (size before relaxing)
 .rodata._Balloc.str1.1
                0x08009955       0x7f C:\ubc\ELEC 291\gcc\gcc-arm-none-eabi-10.3-2021.10\arm-none-eabi\lib\thumb\v6-m\nofp\libc_nano.a(lib_a-mprec.o)
                                 0x96 (size before relaxing)
 .rodata.__multadd.str1.1
                0x080099d4       0x11 C:\ubc\ELEC 291\gcc\gcc-arm-none-eabi-10.3-2021.10\arm-none-eabi\lib\thumb\v6-m\nofp\libc_nano.a(lib_a-mprec.o)
 *fill*         0x080099d4        0x4 
 .rodata.__mprec_bigtens
                0x080099d8       0x28 C:\ubc\ELEC 291\gcc\gcc-arm-none-eabi-10.3-2021.10\arm-none-eabi\lib\thumb\v6-m\nofp\libc_nano.a(lib_a-mprec.o)
                0x080099d8                __mprec_bigtens
 .rodata.__mprec_tens
                0x08009a00       0xc8 C:\ubc\ELEC 291\gcc\gcc-arm-none-eabi-10.3-2021.10\arm-none-eabi\lib\thumb\v6-m\nofp\libc_nano.a(lib_a-mprec.o)
                0x08009a00                __mprec_tens
 .rodata.__mprec_tinytens
                0x08009ac8       0x28 C:\ubc\ELEC 291\gcc\gcc-arm-none-eabi-10.3-2021.10\arm-none-eabi\lib\thumb\v6-m\nofp\libc_nano.a(lib_a-mprec.o)
                0x08009ac8                __mprec_tinytens
 .rodata.p05.0  0x08009af0        0xc C:\ubc\ELEC 291\gcc\gcc-arm-none-eabi-10.3-2021.10\arm-none-eabi\lib\thumb\v6-m\nofp\libc_nano.a(lib_a-mprec.o)
 .rodata._svfprintf_r.str1.1
                0x08009afc       0x11 C:\ubc\ELEC 291\gcc\gcc-arm-none-eabi-10.3-2021.10\arm-none-eabi\lib\thumb\v6-m\nofp\libc_nano.a(lib_a-nano-svfprintf.o)
 .rodata.__ssvfscanf_r.str1.1
                0x08009b0d        0x4 C:\ubc\ELEC 291\gcc\gcc-arm-none-eabi-10.3-2021.10\arm-none-eabi\lib\thumb\v6-m\nofp\libc_nano.a(lib_a-nano-svfscanf.o)
 .rodata._vfprintf_r.str1.1
                0x08009b0d       0x11 C:\ubc\ELEC 291\gcc\gcc-arm-none-eabi-10.3-2021.10\arm-none-eabi\lib\thumb\v6-m\nofp\libc_nano.a(lib_a-nano-vfprintf.o)
 .rodata.str1.1
                0x08009b0d        0x9 C:\ubc\ELEC 291\gcc\gcc-arm-none-eabi-10.3-2021.10\arm-none-eabi\lib\thumb\v6-m\nofp\libc_nano.a(lib_a-nano-vfscanf_i.o)
 .rodata._scanf_i.str1.1
                0x08009b16       0x12 C:\ubc\ELEC 291\gcc\gcc-arm-none-eabi-10.3-2021.10\arm-none-eabi\lib\thumb\v6-m\nofp\libc_nano.a(lib_a-nano-vfscanf_i.o)
 .rodata        0x08009b28        0xc C:\ubc\ELEC 291\gcc\gcc-arm-none-eabi-10.3-2021.10\arm-none-eabi\lib\thumb\v6-m\nofp\libc_nano.a(lib_a-nano-vfscanf_i.o)
 .rodata.__assert_func.str1.1
                0x08009b34       0x3c C:\ubc\ELEC 291\gcc\gcc-arm-none-eabi-10.3-2021.10\arm-none-eabi\lib\thumb\v6-m\nofp\libc_nano.a(lib_a-assert.o)
                                 0x3d (size before relaxing)
 .rodata._ctype_
                0x08009b70      0x101 C:\ubc\ELEC 291\gcc\gcc-arm-none-eabi-10.3-2021.10\arm-none-eabi\lib\thumb\v6-m\nofp\libc_nano.a(lib_a-ctype_.o)
                0x08009b70                _ctype_
 .rodata._setlocale_r.str1.1
                0x08009c71        0x8 C:\ubc\ELEC 291\gcc\gcc-arm-none-eabi-10.3-2021.10\arm-none-eabi\lib\thumb\v6-m\nofp\libc_nano.a(lib_a-locale.o)
                                  0x9 (size before relaxing)
 .rodata.str1.1
                0x08009c79        0x2 C:\ubc\ELEC 291\gcc\gcc-arm-none-eabi-10.3-2021.10\arm-none-eabi\lib\thumb\v6-m\nofp\libc_nano.a(lib_a-locale.o)
                0x08009c7c                . = ALIGN (0x4)
 *fill*         0x08009c7b        0x1 
                0x08009c7c                PROVIDE (__init_array_start = .)
 *(SORT_BY_NAME(.init_array.*))
 *(.init_array)
                0x08009c7c                PROVIDE (__init_array_end = .)
                0x08009c7c                . = ALIGN (0x4)
                0x08009c7c                _etext = .

.glue_7         0x08009c7c        0x0
 .glue_7        0x08009c7c        0x0 linker stubs

.glue_7t        0x08009c7c        0x0
 .glue_7t       0x08009c7c        0x0 linker stubs

.vfp11_veneer   0x08009c7c        0x0
 .vfp11_veneer  0x08009c7c        0x0 linker stubs

.v4_bx          0x08009c7c        0x0
 .v4_bx         0x08009c7c        0x0 linker stubs

.iplt           0x08009c7c        0x0
 .iplt          0x08009c7c        0x0 main.o

.rel.dyn        0x08009c7c        0x0
 .rel.iplt      0x08009c7c        0x0 main.o

.data           0x20000000      0x1d4 load address 0x08009c7c
                0x20000000                . = ALIGN (0x4)
                0x20000000                _data = .
 *(.data*)
 .data          0x20000000        0x0 main.o
 .data          0x20000000        0x0 startup.o
 .data          0x20000000        0x0 serial.o
 .data          0x20000000        0x0 adc.o
 .data          0x20000000        0x4 newlib_stubs.o
                0x20000000                environ
 .data          0x20000004        0x0 lcd.o
 .data          0x20000004        0x0 UART2.O
 .data          0x20000004        0x0 C:\ubc\ELEC 291\gcc\gcc-arm-none-eabi-10.3-2021.10\arm-none-eabi\lib\thumb\v6-m\nofp\libnosys.a(errno.o)
 .data          0x20000004        0x0 C:\ubc\ELEC 291\gcc\gcc-arm-none-eabi-10.3-2021.10\lib\gcc\arm-none-eabi\10.3.1\thumb\v6-m\nofp\libgcc.a(_divsi3.o)
 .data          0x20000004        0x0 C:\ubc\ELEC 291\gcc\gcc-arm-none-eabi-10.3-2021.10\lib\gcc\arm-none-eabi\10.3.1\thumb\v6-m\nofp\libgcc.a(_dvmd_tls.o)
 .data          0x20000004        0x0 C:\ubc\ELEC 291\gcc\gcc-arm-none-eabi-10.3-2021.10\lib\gcc\arm-none-eabi\10.3.1\thumb\v6-m\nofp\libgcc.a(divsf3.o)
 .data          0x20000004        0x0 C:\ubc\ELEC 291\gcc\gcc-arm-none-eabi-10.3-2021.10\lib\gcc\arm-none-eabi\10.3.1\thumb\v6-m\nofp\libgcc.a(mulsf3.o)
 .data          0x20000004        0x0 C:\ubc\ELEC 291\gcc\gcc-arm-none-eabi-10.3-2021.10\lib\gcc\arm-none-eabi\10.3.1\thumb\v6-m\nofp\libgcc.a(fixsfsi.o)
 .data          0x20000004        0x0 C:\ubc\ELEC 291\gcc\gcc-arm-none-eabi-10.3-2021.10\lib\gcc\arm-none-eabi\10.3.1\thumb\v6-m\nofp\libgcc.a(floatsisf.o)
 .data          0x20000004        0x0 C:\ubc\ELEC 291\gcc\gcc-arm-none-eabi-10.3-2021.10\lib\gcc\arm-none-eabi\10.3.1\thumb\v6-m\nofp\libgcc.a(divdf3.o)
 .data          0x20000004        0x0 C:\ubc\ELEC 291\gcc\gcc-arm-none-eabi-10.3-2021.10\lib\gcc\arm-none-eabi\10.3.1\thumb\v6-m\nofp\libgcc.a(muldf3.o)
 .data          0x20000004        0x0 C:\ubc\ELEC 291\gcc\gcc-arm-none-eabi-10.3-2021.10\lib\gcc\arm-none-eabi\10.3.1\thumb\v6-m\nofp\libgcc.a(floatsidf.o)
 .data          0x20000004        0x0 C:\ubc\ELEC 291\gcc\gcc-arm-none-eabi-10.3-2021.10\lib\gcc\arm-none-eabi\10.3.1\thumb\v6-m\nofp\libgcc.a(extendsfdf2.o)
 .data          0x20000004        0x0 C:\ubc\ELEC 291\gcc\gcc-arm-none-eabi-10.3-2021.10\lib\gcc\arm-none-eabi\10.3.1\thumb\v6-m\nofp\libgcc.a(truncdfsf2.o)
 .data          0x20000004        0x0 C:\ubc\ELEC 291\gcc\gcc-arm-none-eabi-10.3-2021.10\lib\gcc\arm-none-eabi\10.3.1\thumb\v6-m\nofp\libgcc.a(_udivsi3.o)
 .data          0x20000004        0x0 C:\ubc\ELEC 291\gcc\gcc-arm-none-eabi-10.3-2021.10\lib\gcc\arm-none-eabi\10.3.1\thumb\v6-m\nofp\libgcc.a(_clzsi2.o)
 .data          0x20000004        0x0 C:\ubc\ELEC 291\gcc\gcc-arm-none-eabi-10.3-2021.10\arm-none-eabi\lib\thumb\v6-m\nofp\libc_nano.a(lib_a-fflush.o)
 .data          0x20000004        0x0 C:\ubc\ELEC 291\gcc\gcc-arm-none-eabi-10.3-2021.10\arm-none-eabi\lib\thumb\v6-m\nofp\libc_nano.a(lib_a-findfp.o)
 .data          0x20000004        0x0 C:\ubc\ELEC 291\gcc\gcc-arm-none-eabi-10.3-2021.10\arm-none-eabi\lib\thumb\v6-m\nofp\libc_nano.a(lib_a-fwalk.o)
 .data          0x20000004        0x0 C:\ubc\ELEC 291\gcc\gcc-arm-none-eabi-10.3-2021.10\arm-none-eabi\lib\thumb\v6-m\nofp\libc_nano.a(lib_a-impure.o)
 .data._impure_ptr
                0x20000004        0x4 C:\ubc\ELEC 291\gcc\gcc-arm-none-eabi-10.3-2021.10\arm-none-eabi\lib\thumb\v6-m\nofp\libc_nano.a(lib_a-impure.o)
                0x20000004                _impure_ptr
 .data.impure_data
                0x20000008       0x60 C:\ubc\ELEC 291\gcc\gcc-arm-none-eabi-10.3-2021.10\arm-none-eabi\lib\thumb\v6-m\nofp\libc_nano.a(lib_a-impure.o)
 .data          0x20000068        0x0 C:\ubc\ELEC 291\gcc\gcc-arm-none-eabi-10.3-2021.10\arm-none-eabi\lib\thumb\v6-m\nofp\libc_nano.a(lib_a-lock.o)
 .data          0x20000068        0x0 C:\ubc\ELEC 291\gcc\gcc-arm-none-eabi-10.3-2021.10\arm-none-eabi\lib\thumb\v6-m\nofp\libc_nano.a(lib_a-memset.o)
 .data          0x20000068        0x0 C:\ubc\ELEC 291\gcc\gcc-arm-none-eabi-10.3-2021.10\arm-none-eabi\lib\thumb\v6-m\nofp\libc_nano.a(lib_a-nano-freer.o)
 .data          0x20000068        0x0 C:\ubc\ELEC 291\gcc\gcc-arm-none-eabi-10.3-2021.10\arm-none-eabi\lib\thumb\v6-m\nofp\libc_nano.a(lib_a-nano-mallocr.o)
 .data          0x20000068        0x0 C:\ubc\ELEC 291\gcc\gcc-arm-none-eabi-10.3-2021.10\arm-none-eabi\lib\thumb\v6-m\nofp\libc_nano.a(lib_a-nano-vfprintf_float.o)
 .data          0x20000068        0x0 C:\ubc\ELEC 291\gcc\gcc-arm-none-eabi-10.3-2021.10\arm-none-eabi\lib\thumb\v6-m\nofp\libc_nano.a(lib_a-nano-vfprintf_i.o)
 .data          0x20000068        0x0 C:\ubc\ELEC 291\gcc\gcc-arm-none-eabi-10.3-2021.10\arm-none-eabi\lib\thumb\v6-m\nofp\libc_nano.a(lib_a-printf.o)
 .data          0x20000068        0x0 C:\ubc\ELEC 291\gcc\gcc-arm-none-eabi-10.3-2021.10\arm-none-eabi\lib\thumb\v6-m\nofp\libc_nano.a(lib_a-puts.o)
 .data          0x20000068        0x0 C:\ubc\ELEC 291\gcc\gcc-arm-none-eabi-10.3-2021.10\arm-none-eabi\lib\thumb\v6-m\nofp\libc_nano.a(lib_a-sbrkr.o)
 .data          0x20000068        0x0 C:\ubc\ELEC 291\gcc\gcc-arm-none-eabi-10.3-2021.10\arm-none-eabi\lib\thumb\v6-m\nofp\libc_nano.a(lib_a-sprintf.o)
 .data          0x20000068        0x0 C:\ubc\ELEC 291\gcc\gcc-arm-none-eabi-10.3-2021.10\arm-none-eabi\lib\thumb\v6-m\nofp\libc_nano.a(lib_a-sscanf.o)
 .data          0x20000068        0x0 C:\ubc\ELEC 291\gcc\gcc-arm-none-eabi-10.3-2021.10\arm-none-eabi\lib\thumb\v6-m\nofp\libc_nano.a(lib_a-stdio.o)
 .data          0x20000068        0x0 C:\ubc\ELEC 291\gcc\gcc-arm-none-eabi-10.3-2021.10\arm-none-eabi\lib\thumb\v6-m\nofp\libc_nano.a(lib_a-strlen.o)
 .data          0x20000068        0x0 C:\ubc\ELEC 291\gcc\gcc-arm-none-eabi-10.3-2021.10\arm-none-eabi\lib\thumb\v6-m\nofp\libc_nano.a(lib_a-wbuf.o)
 .data          0x20000068        0x0 C:\ubc\ELEC 291\gcc\gcc-arm-none-eabi-10.3-2021.10\arm-none-eabi\lib\thumb\v6-m\nofp\libc_nano.a(lib_a-writer.o)
 .data          0x20000068        0x0 C:\ubc\ELEC 291\gcc\gcc-arm-none-eabi-10.3-2021.10\arm-none-eabi\lib\thumb\v6-m\nofp\libc_nano.a(lib_a-wsetup.o)
 .data          0x20000068        0x0 C:\ubc\ELEC 291\gcc\gcc-arm-none-eabi-10.3-2021.10\arm-none-eabi\lib\thumb\v6-m\nofp\libc_nano.a(lib_a-closer.o)
 .data          0x20000068        0x0 C:\ubc\ELEC 291\gcc\gcc-arm-none-eabi-10.3-2021.10\arm-none-eabi\lib\thumb\v6-m\nofp\libc_nano.a(lib_a-dtoa.o)
 .data          0x20000068        0x0 C:\ubc\ELEC 291\gcc\gcc-arm-none-eabi-10.3-2021.10\arm-none-eabi\lib\thumb\v6-m\nofp\libc_nano.a(lib_a-localeconv.o)
 .data          0x20000068        0x0 C:\ubc\ELEC 291\gcc\gcc-arm-none-eabi-10.3-2021.10\arm-none-eabi\lib\thumb\v6-m\nofp\libc_nano.a(lib_a-lseekr.o)
 .data          0x20000068        0x0 C:\ubc\ELEC 291\gcc\gcc-arm-none-eabi-10.3-2021.10\arm-none-eabi\lib\thumb\v6-m\nofp\libc_nano.a(lib_a-makebuf.o)
 .data          0x20000068        0x0 C:\ubc\ELEC 291\gcc\gcc-arm-none-eabi-10.3-2021.10\arm-none-eabi\lib\thumb\v6-m\nofp\libc_nano.a(lib_a-malloc.o)
 .data          0x20000068        0x0 C:\ubc\ELEC 291\gcc\gcc-arm-none-eabi-10.3-2021.10\arm-none-eabi\lib\thumb\v6-m\nofp\libc_nano.a(lib_a-memchr-stub.o)
 .data          0x20000068        0x0 C:\ubc\ELEC 291\gcc\gcc-arm-none-eabi-10.3-2021.10\arm-none-eabi\lib\thumb\v6-m\nofp\libc_nano.a(lib_a-memcpy-stub.o)
 .data          0x20000068        0x0 C:\ubc\ELEC 291\gcc\gcc-arm-none-eabi-10.3-2021.10\arm-none-eabi\lib\thumb\v6-m\nofp\libc_nano.a(lib_a-mlock.o)
 .data          0x20000068        0x0 C:\ubc\ELEC 291\gcc\gcc-arm-none-eabi-10.3-2021.10\arm-none-eabi\lib\thumb\v6-m\nofp\libc_nano.a(lib_a-mprec.o)
 .data          0x20000068        0x0 C:\ubc\ELEC 291\gcc\gcc-arm-none-eabi-10.3-2021.10\arm-none-eabi\lib\thumb\v6-m\nofp\libc_nano.a(lib_a-nano-callocr.o)
 .data          0x20000068        0x0 C:\ubc\ELEC 291\gcc\gcc-arm-none-eabi-10.3-2021.10\arm-none-eabi\lib\thumb\v6-m\nofp\libc_nano.a(lib_a-nano-svfprintf.o)
 .data          0x20000068        0x0 C:\ubc\ELEC 291\gcc\gcc-arm-none-eabi-10.3-2021.10\arm-none-eabi\lib\thumb\v6-m\nofp\libc_nano.a(lib_a-nano-svfscanf.o)
 .data          0x20000068        0x0 C:\ubc\ELEC 291\gcc\gcc-arm-none-eabi-10.3-2021.10\arm-none-eabi\lib\thumb\v6-m\nofp\libc_nano.a(lib_a-nano-vfprintf.o)
 .data          0x20000068        0x0 C:\ubc\ELEC 291\gcc\gcc-arm-none-eabi-10.3-2021.10\arm-none-eabi\lib\thumb\v6-m\nofp\libc_nano.a(lib_a-nano-vfscanf_i.o)
 .data          0x20000068        0x0 C:\ubc\ELEC 291\gcc\gcc-arm-none-eabi-10.3-2021.10\arm-none-eabi\lib\thumb\v6-m\nofp\libc_nano.a(lib_a-readr.o)
 .data          0x20000068        0x0 C:\ubc\ELEC 291\gcc\gcc-arm-none-eabi-10.3-2021.10\arm-none-eabi\lib\thumb\v6-m\nofp\libc_nano.a(lib_a-sccl.o)
 .data          0x20000068        0x0 C:\ubc\ELEC 291\gcc\gcc-arm-none-eabi-10.3-2021.10\arm-none-eabi\lib\thumb\v6-m\nofp\libc_nano.a(lib_a-strtol.o)
 .data          0x20000068        0x0 C:\ubc\ELEC 291\gcc\gcc-arm-none-eabi-10.3-2021.10\arm-none-eabi\lib\thumb\v6-m\nofp\libc_nano.a(lib_a-strtoul.o)
 .data          0x20000068        0x0 C:\ubc\ELEC 291\gcc\gcc-arm-none-eabi-10.3-2021.10\arm-none-eabi\lib\thumb\v6-m\nofp\libc_nano.a(lib_a-ungetc.o)
 .data          0x20000068        0x0 C:\ubc\ELEC 291\gcc\gcc-arm-none-eabi-10.3-2021.10\arm-none-eabi\lib\thumb\v6-m\nofp\libc_nano.a(lib_a-assert.o)
 .data          0x20000068        0x0 C:\ubc\ELEC 291\gcc\gcc-arm-none-eabi-10.3-2021.10\arm-none-eabi\lib\thumb\v6-m\nofp\libc_nano.a(lib_a-ctype_.o)
 .data          0x20000068        0x0 C:\ubc\ELEC 291\gcc\gcc-arm-none-eabi-10.3-2021.10\arm-none-eabi\lib\thumb\v6-m\nofp\libc_nano.a(lib_a-errno.o)
 .data          0x20000068        0x0 C:\ubc\ELEC 291\gcc\gcc-arm-none-eabi-10.3-2021.10\arm-none-eabi\lib\thumb\v6-m\nofp\libc_nano.a(lib_a-fprintf.o)
 .data          0x20000068        0x0 C:\ubc\ELEC 291\gcc\gcc-arm-none-eabi-10.3-2021.10\arm-none-eabi\lib\thumb\v6-m\nofp\libc_nano.a(lib_a-fstatr.o)
 .data          0x20000068        0x0 C:\ubc\ELEC 291\gcc\gcc-arm-none-eabi-10.3-2021.10\arm-none-eabi\lib\thumb\v6-m\nofp\libc_nano.a(lib_a-fvwrite.o)
 .data          0x20000068        0x0 C:\ubc\ELEC 291\gcc\gcc-arm-none-eabi-10.3-2021.10\arm-none-eabi\lib\thumb\v6-m\nofp\libc_nano.a(lib_a-isattyr.o)
 .data          0x20000068        0x0 C:\ubc\ELEC 291\gcc\gcc-arm-none-eabi-10.3-2021.10\arm-none-eabi\lib\thumb\v6-m\nofp\libc_nano.a(lib_a-locale.o)
 .data.__global_locale
                0x20000068      0x16c C:\ubc\ELEC 291\gcc\gcc-arm-none-eabi-10.3-2021.10\arm-none-eabi\lib\thumb\v6-m\nofp\libc_nano.a(lib_a-locale.o)
                0x20000068                __global_locale
 .data          0x200001d4        0x0 C:\ubc\ELEC 291\gcc\gcc-arm-none-eabi-10.3-2021.10\arm-none-eabi\lib\thumb\v6-m\nofp\libc_nano.a(lib_a-mbtowc_r.o)
 .data          0x200001d4        0x0 C:\ubc\ELEC 291\gcc\gcc-arm-none-eabi-10.3-2021.10\arm-none-eabi\lib\thumb\v6-m\nofp\libc_nano.a(lib_a-memmove.o)
 .data          0x200001d4        0x0 C:\ubc\ELEC 291\gcc\gcc-arm-none-eabi-10.3-2021.10\arm-none-eabi\lib\thumb\v6-m\nofp\libc_nano.a(lib_a-nano-reallocr.o)
 .data          0x200001d4        0x0 C:\ubc\ELEC 291\gcc\gcc-arm-none-eabi-10.3-2021.10\arm-none-eabi\lib\thumb\v6-m\nofp\libc_nano.a(lib_a-strcmp.o)
 .data          0x200001d4        0x0 C:\ubc\ELEC 291\gcc\gcc-arm-none-eabi-10.3-2021.10\arm-none-eabi\lib\thumb\v6-m\nofp\libc_nano.a(lib_a-wctomb_r.o)
 .data          0x200001d4        0x0 C:\ubc\ELEC 291\gcc\gcc-arm-none-eabi-10.3-2021.10\arm-none-eabi\lib\thumb\v6-m\nofp\libc_nano.a(lib_a-abort.o)
 .data          0x200001d4        0x0 C:\ubc\ELEC 291\gcc\gcc-arm-none-eabi-10.3-2021.10\arm-none-eabi\lib\thumb\v6-m\nofp\libc_nano.a(lib_a-nano-msizer.o)
 .data          0x200001d4        0x0 C:\ubc\ELEC 291\gcc\gcc-arm-none-eabi-10.3-2021.10\arm-none-eabi\lib\thumb\v6-m\nofp\libc_nano.a(lib_a-signal.o)
 .data          0x200001d4        0x0 C:\ubc\ELEC 291\gcc\gcc-arm-none-eabi-10.3-2021.10\arm-none-eabi\lib\thumb\v6-m\nofp\libc_nano.a(lib_a-signalr.o)
 .data          0x200001d4        0x0 C:\ubc\ELEC 291\gcc\gcc-arm-none-eabi-10.3-2021.10\lib\gcc\arm-none-eabi\10.3.1\thumb\v6-m\nofp\libgcc.a(_thumb1_case_uqi.o)
 .data          0x200001d4        0x0 C:\ubc\ELEC 291\gcc\gcc-arm-none-eabi-10.3-2021.10\lib\gcc\arm-none-eabi\10.3.1\thumb\v6-m\nofp\libgcc.a(_thumb1_case_shi.o)
 .data          0x200001d4        0x0 C:\ubc\ELEC 291\gcc\gcc-arm-none-eabi-10.3-2021.10\lib\gcc\arm-none-eabi\10.3.1\thumb\v6-m\nofp\libgcc.a(_arm_cmpdf2.o)
 .data          0x200001d4        0x0 C:\ubc\ELEC 291\gcc\gcc-arm-none-eabi-10.3-2021.10\lib\gcc\arm-none-eabi\10.3.1\thumb\v6-m\nofp\libgcc.a(adddf3.o)
 .data          0x200001d4        0x0 C:\ubc\ELEC 291\gcc\gcc-arm-none-eabi-10.3-2021.10\lib\gcc\arm-none-eabi\10.3.1\thumb\v6-m\nofp\libgcc.a(eqdf2.o)
 .data          0x200001d4        0x0 C:\ubc\ELEC 291\gcc\gcc-arm-none-eabi-10.3-2021.10\lib\gcc\arm-none-eabi\10.3.1\thumb\v6-m\nofp\libgcc.a(gedf2.o)
 .data          0x200001d4        0x0 C:\ubc\ELEC 291\gcc\gcc-arm-none-eabi-10.3-2021.10\lib\gcc\arm-none-eabi\10.3.1\thumb\v6-m\nofp\libgcc.a(ledf2.o)
 .data          0x200001d4        0x0 C:\ubc\ELEC 291\gcc\gcc-arm-none-eabi-10.3-2021.10\lib\gcc\arm-none-eabi\10.3.1\thumb\v6-m\nofp\libgcc.a(subdf3.o)
 .data          0x200001d4        0x0 C:\ubc\ELEC 291\gcc\gcc-arm-none-eabi-10.3-2021.10\lib\gcc\arm-none-eabi\10.3.1\thumb\v6-m\nofp\libgcc.a(unorddf2.o)
 .data          0x200001d4        0x0 C:\ubc\ELEC 291\gcc\gcc-arm-none-eabi-10.3-2021.10\lib\gcc\arm-none-eabi\10.3.1\thumb\v6-m\nofp\libgcc.a(fixdfsi.o)
 .data          0x200001d4        0x0 C:\ubc\ELEC 291\gcc\gcc-arm-none-eabi-10.3-2021.10\lib\gcc\arm-none-eabi\10.3.1\thumb\v6-m\nofp\libgcc.a(floatunsidf.o)
                0x200001d4                . = ALIGN (0x4)
                0x200001d4                _edata = .

.igot.plt       0x200001d4        0x0 load address 0x08009e50
 .igot.plt      0x200001d4        0x0 main.o

.bss            0x200001d4      0x170 load address 0x08009e50
                0x200001d4                _bss = .
 *(.bss*)
 .bss           0x200001d4        0x4 main.o
                0x200001d4                Count
 .bss           0x200001d8        0x0 startup.o
 .bss           0x200001d8       0xa4 serial.o
                0x200001d8                ComRXBuffer
                0x20000224                ComTXBuffer
                0x20000270                ComOpen
                0x20000274                ComError
                0x20000278                ComBusy
 .bss           0x2000027c        0x0 adc.o
 .bss           0x2000027c        0x8 newlib_stubs.o
                0x2000027c                __env
 .bss           0x20000284        0x0 lcd.o
 .bss           0x20000284       0xa4 UART2.O
                0x20000284                ComRXBuffer2
                0x200002d0                ComTXBuffer2
                0x2000031c                ComOpen2
                0x20000320                ComError2
                0x20000324                ComBusy2
 .bss           0x20000328        0x0 C:\ubc\ELEC 291\gcc\gcc-arm-none-eabi-10.3-2021.10\arm-none-eabi\lib\thumb\v6-m\nofp\libnosys.a(errno.o)
 .bss.errno     0x20000328        0x4 C:\ubc\ELEC 291\gcc\gcc-arm-none-eabi-10.3-2021.10\arm-none-eabi\lib\thumb\v6-m\nofp\libnosys.a(errno.o)
                0x20000328                errno
 .bss           0x2000032c        0x0 C:\ubc\ELEC 291\gcc\gcc-arm-none-eabi-10.3-2021.10\lib\gcc\arm-none-eabi\10.3.1\thumb\v6-m\nofp\libgcc.a(_divsi3.o)
 .bss           0x2000032c        0x0 C:\ubc\ELEC 291\gcc\gcc-arm-none-eabi-10.3-2021.10\lib\gcc\arm-none-eabi\10.3.1\thumb\v6-m\nofp\libgcc.a(_dvmd_tls.o)
 .bss           0x2000032c        0x0 C:\ubc\ELEC 291\gcc\gcc-arm-none-eabi-10.3-2021.10\lib\gcc\arm-none-eabi\10.3.1\thumb\v6-m\nofp\libgcc.a(divsf3.o)
 .bss           0x2000032c        0x0 C:\ubc\ELEC 291\gcc\gcc-arm-none-eabi-10.3-2021.10\lib\gcc\arm-none-eabi\10.3.1\thumb\v6-m\nofp\libgcc.a(mulsf3.o)
 .bss           0x2000032c        0x0 C:\ubc\ELEC 291\gcc\gcc-arm-none-eabi-10.3-2021.10\lib\gcc\arm-none-eabi\10.3.1\thumb\v6-m\nofp\libgcc.a(fixsfsi.o)
 .bss           0x2000032c        0x0 C:\ubc\ELEC 291\gcc\gcc-arm-none-eabi-10.3-2021.10\lib\gcc\arm-none-eabi\10.3.1\thumb\v6-m\nofp\libgcc.a(floatsisf.o)
 .bss           0x2000032c        0x0 C:\ubc\ELEC 291\gcc\gcc-arm-none-eabi-10.3-2021.10\lib\gcc\arm-none-eabi\10.3.1\thumb\v6-m\nofp\libgcc.a(divdf3.o)
 .bss           0x2000032c        0x0 C:\ubc\ELEC 291\gcc\gcc-arm-none-eabi-10.3-2021.10\lib\gcc\arm-none-eabi\10.3.1\thumb\v6-m\nofp\libgcc.a(muldf3.o)
 .bss           0x2000032c        0x0 C:\ubc\ELEC 291\gcc\gcc-arm-none-eabi-10.3-2021.10\lib\gcc\arm-none-eabi\10.3.1\thumb\v6-m\nofp\libgcc.a(floatsidf.o)
 .bss           0x2000032c        0x0 C:\ubc\ELEC 291\gcc\gcc-arm-none-eabi-10.3-2021.10\lib\gcc\arm-none-eabi\10.3.1\thumb\v6-m\nofp\libgcc.a(extendsfdf2.o)
 .bss           0x2000032c        0x0 C:\ubc\ELEC 291\gcc\gcc-arm-none-eabi-10.3-2021.10\lib\gcc\arm-none-eabi\10.3.1\thumb\v6-m\nofp\libgcc.a(truncdfsf2.o)
 .bss           0x2000032c        0x0 C:\ubc\ELEC 291\gcc\gcc-arm-none-eabi-10.3-2021.10\lib\gcc\arm-none-eabi\10.3.1\thumb\v6-m\nofp\libgcc.a(_udivsi3.o)
 .bss           0x2000032c        0x0 C:\ubc\ELEC 291\gcc\gcc-arm-none-eabi-10.3-2021.10\lib\gcc\arm-none-eabi\10.3.1\thumb\v6-m\nofp\libgcc.a(_clzsi2.o)
 .bss           0x2000032c        0x0 C:\ubc\ELEC 291\gcc\gcc-arm-none-eabi-10.3-2021.10\arm-none-eabi\lib\thumb\v6-m\nofp\libc_nano.a(lib_a-fflush.o)
 .bss           0x2000032c        0x0 C:\ubc\ELEC 291\gcc\gcc-arm-none-eabi-10.3-2021.10\arm-none-eabi\lib\thumb\v6-m\nofp\libc_nano.a(lib_a-findfp.o)
 .bss           0x2000032c        0x0 C:\ubc\ELEC 291\gcc\gcc-arm-none-eabi-10.3-2021.10\arm-none-eabi\lib\thumb\v6-m\nofp\libc_nano.a(lib_a-fwalk.o)
 .bss           0x2000032c        0x0 C:\ubc\ELEC 291\gcc\gcc-arm-none-eabi-10.3-2021.10\arm-none-eabi\lib\thumb\v6-m\nofp\libc_nano.a(lib_a-impure.o)
 .bss           0x2000032c        0x0 C:\ubc\ELEC 291\gcc\gcc-arm-none-eabi-10.3-2021.10\arm-none-eabi\lib\thumb\v6-m\nofp\libc_nano.a(lib_a-lock.o)
 .bss.__lock___arc4random_mutex
                0x2000032c        0x1 C:\ubc\ELEC 291\gcc\gcc-arm-none-eabi-10.3-2021.10\arm-none-eabi\lib\thumb\v6-m\nofp\libc_nano.a(lib_a-lock.o)
                0x2000032c                __lock___arc4random_mutex
 .bss.__lock___at_quick_exit_mutex
                0x2000032d        0x1 C:\ubc\ELEC 291\gcc\gcc-arm-none-eabi-10.3-2021.10\arm-none-eabi\lib\thumb\v6-m\nofp\libc_nano.a(lib_a-lock.o)
                0x2000032d                __lock___at_quick_exit_mutex
 .bss.__lock___atexit_recursive_mutex
                0x2000032e        0x1 C:\ubc\ELEC 291\gcc\gcc-arm-none-eabi-10.3-2021.10\arm-none-eabi\lib\thumb\v6-m\nofp\libc_nano.a(lib_a-lock.o)
                0x2000032e                __lock___atexit_recursive_mutex
 .bss.__lock___dd_hash_mutex
                0x2000032f        0x1 C:\ubc\ELEC 291\gcc\gcc-arm-none-eabi-10.3-2021.10\arm-none-eabi\lib\thumb\v6-m\nofp\libc_nano.a(lib_a-lock.o)
                0x2000032f                __lock___dd_hash_mutex
 .bss.__lock___env_recursive_mutex
                0x20000330        0x1 C:\ubc\ELEC 291\gcc\gcc-arm-none-eabi-10.3-2021.10\arm-none-eabi\lib\thumb\v6-m\nofp\libc_nano.a(lib_a-lock.o)
                0x20000330                __lock___env_recursive_mutex
 .bss.__lock___malloc_recursive_mutex
                0x20000331        0x1 C:\ubc\ELEC 291\gcc\gcc-arm-none-eabi-10.3-2021.10\arm-none-eabi\lib\thumb\v6-m\nofp\libc_nano.a(lib_a-lock.o)
                0x20000331                __lock___malloc_recursive_mutex
 .bss.__lock___sfp_recursive_mutex
                0x20000332        0x1 C:\ubc\ELEC 291\gcc\gcc-arm-none-eabi-10.3-2021.10\arm-none-eabi\lib\thumb\v6-m\nofp\libc_nano.a(lib_a-lock.o)
                0x20000332                __lock___sfp_recursive_mutex
 .bss.__lock___sinit_recursive_mutex
                0x20000333        0x1 C:\ubc\ELEC 291\gcc\gcc-arm-none-eabi-10.3-2021.10\arm-none-eabi\lib\thumb\v6-m\nofp\libc_nano.a(lib_a-lock.o)
                0x20000333                __lock___sinit_recursive_mutex
 .bss.__lock___tz_mutex
                0x20000334        0x1 C:\ubc\ELEC 291\gcc\gcc-arm-none-eabi-10.3-2021.10\arm-none-eabi\lib\thumb\v6-m\nofp\libc_nano.a(lib_a-lock.o)
                0x20000334                __lock___tz_mutex
 .bss           0x20000335        0x0 C:\ubc\ELEC 291\gcc\gcc-arm-none-eabi-10.3-2021.10\arm-none-eabi\lib\thumb\v6-m\nofp\libc_nano.a(lib_a-memset.o)
 .bss           0x20000335        0x0 C:\ubc\ELEC 291\gcc\gcc-arm-none-eabi-10.3-2021.10\arm-none-eabi\lib\thumb\v6-m\nofp\libc_nano.a(lib_a-nano-freer.o)
 .bss           0x20000335        0x0 C:\ubc\ELEC 291\gcc\gcc-arm-none-eabi-10.3-2021.10\arm-none-eabi\lib\thumb\v6-m\nofp\libc_nano.a(lib_a-nano-mallocr.o)
 *fill*         0x20000335        0x3 
 .bss.__malloc_free_list
                0x20000338        0x4 C:\ubc\ELEC 291\gcc\gcc-arm-none-eabi-10.3-2021.10\arm-none-eabi\lib\thumb\v6-m\nofp\libc_nano.a(lib_a-nano-mallocr.o)
                0x20000338                __malloc_free_list
 .bss.__malloc_sbrk_start
                0x2000033c        0x4 C:\ubc\ELEC 291\gcc\gcc-arm-none-eabi-10.3-2021.10\arm-none-eabi\lib\thumb\v6-m\nofp\libc_nano.a(lib_a-nano-mallocr.o)
                0x2000033c                __malloc_sbrk_start
 .bss           0x20000340        0x0 C:\ubc\ELEC 291\gcc\gcc-arm-none-eabi-10.3-2021.10\arm-none-eabi\lib\thumb\v6-m\nofp\libc_nano.a(lib_a-nano-vfprintf_float.o)
 .bss           0x20000340        0x0 C:\ubc\ELEC 291\gcc\gcc-arm-none-eabi-10.3-2021.10\arm-none-eabi\lib\thumb\v6-m\nofp\libc_nano.a(lib_a-nano-vfprintf_i.o)
 .bss           0x20000340        0x0 C:\ubc\ELEC 291\gcc\gcc-arm-none-eabi-10.3-2021.10\arm-none-eabi\lib\thumb\v6-m\nofp\libc_nano.a(lib_a-printf.o)
 .bss           0x20000340        0x0 C:\ubc\ELEC 291\gcc\gcc-arm-none-eabi-10.3-2021.10\arm-none-eabi\lib\thumb\v6-m\nofp\libc_nano.a(lib_a-puts.o)
 .bss           0x20000340        0x0 C:\ubc\ELEC 291\gcc\gcc-arm-none-eabi-10.3-2021.10\arm-none-eabi\lib\thumb\v6-m\nofp\libc_nano.a(lib_a-sbrkr.o)
 .bss           0x20000340        0x0 C:\ubc\ELEC 291\gcc\gcc-arm-none-eabi-10.3-2021.10\arm-none-eabi\lib\thumb\v6-m\nofp\libc_nano.a(lib_a-sprintf.o)
 .bss           0x20000340        0x0 C:\ubc\ELEC 291\gcc\gcc-arm-none-eabi-10.3-2021.10\arm-none-eabi\lib\thumb\v6-m\nofp\libc_nano.a(lib_a-sscanf.o)
 .bss           0x20000340        0x0 C:\ubc\ELEC 291\gcc\gcc-arm-none-eabi-10.3-2021.10\arm-none-eabi\lib\thumb\v6-m\nofp\libc_nano.a(lib_a-stdio.o)
 .bss           0x20000340        0x0 C:\ubc\ELEC 291\gcc\gcc-arm-none-eabi-10.3-2021.10\arm-none-eabi\lib\thumb\v6-m\nofp\libc_nano.a(lib_a-strlen.o)
 .bss           0x20000340        0x0 C:\ubc\ELEC 291\gcc\gcc-arm-none-eabi-10.3-2021.10\arm-none-eabi\lib\thumb\v6-m\nofp\libc_nano.a(lib_a-wbuf.o)
 .bss           0x20000340        0x0 C:\ubc\ELEC 291\gcc\gcc-arm-none-eabi-10.3-2021.10\arm-none-eabi\lib\thumb\v6-m\nofp\libc_nano.a(lib_a-writer.o)
 .bss           0x20000340        0x0 C:\ubc\ELEC 291\gcc\gcc-arm-none-eabi-10.3-2021.10\arm-none-eabi\lib\thumb\v6-m\nofp\libc_nano.a(lib_a-wsetup.o)
 .bss           0x20000340        0x0 C:\ubc\ELEC 291\gcc\gcc-arm-none-eabi-10.3-2021.10\arm-none-eabi\lib\thumb\v6-m\nofp\libc_nano.a(lib_a-closer.o)
 .bss           0x20000340        0x0 C:\ubc\ELEC 291\gcc\gcc-arm-none-eabi-10.3-2021.10\arm-none-eabi\lib\thumb\v6-m\nofp\libc_nano.a(lib_a-dtoa.o)
 .bss           0x20000340        0x0 C:\ubc\ELEC 291\gcc\gcc-arm-none-eabi-10.3-2021.10\arm-none-eabi\lib\thumb\v6-m\nofp\libc_nano.a(lib_a-localeconv.o)
 .bss           0x20000340        0x0 C:\ubc\ELEC 291\gcc\gcc-arm-none-eabi-10.3-2021.10\arm-none-eabi\lib\thumb\v6-m\nofp\libc_nano.a(lib_a-lseekr.o)
 .bss           0x20000340        0x0 C:\ubc\ELEC 291\gcc\gcc-arm-none-eabi-10.3-2021.10\arm-none-eabi\lib\thumb\v6-m\nofp\libc_nano.a(lib_a-makebuf.o)
 .bss           0x20000340        0x0 C:\ubc\ELEC 291\gcc\gcc-arm-none-eabi-10.3-2021.10\arm-none-eabi\lib\thumb\v6-m\nofp\libc_nano.a(lib_a-malloc.o)
 .bss           0x20000340        0x0 C:\ubc\ELEC 291\gcc\gcc-arm-none-eabi-10.3-2021.10\arm-none-eabi\lib\thumb\v6-m\nofp\libc_nano.a(lib_a-memchr-stub.o)
 .bss           0x20000340        0x0 C:\ubc\ELEC 291\gcc\gcc-arm-none-eabi-10.3-2021.10\arm-none-eabi\lib\thumb\v6-m\nofp\libc_nano.a(lib_a-memcpy-stub.o)
 .bss           0x20000340        0x0 C:\ubc\ELEC 291\gcc\gcc-arm-none-eabi-10.3-2021.10\arm-none-eabi\lib\thumb\v6-m\nofp\libc_nano.a(lib_a-mlock.o)
 .bss           0x20000340        0x0 C:\ubc\ELEC 291\gcc\gcc-arm-none-eabi-10.3-2021.10\arm-none-eabi\lib\thumb\v6-m\nofp\libc_nano.a(lib_a-mprec.o)
 .bss           0x20000340        0x0 C:\ubc\ELEC 291\gcc\gcc-arm-none-eabi-10.3-2021.10\arm-none-eabi\lib\thumb\v6-m\nofp\libc_nano.a(lib_a-nano-callocr.o)
 .bss           0x20000340        0x0 C:\ubc\ELEC 291\gcc\gcc-arm-none-eabi-10.3-2021.10\arm-none-eabi\lib\thumb\v6-m\nofp\libc_nano.a(lib_a-nano-svfprintf.o)
 .bss           0x20000340        0x0 C:\ubc\ELEC 291\gcc\gcc-arm-none-eabi-10.3-2021.10\arm-none-eabi\lib\thumb\v6-m\nofp\libc_nano.a(lib_a-nano-svfscanf.o)
 .bss           0x20000340        0x0 C:\ubc\ELEC 291\gcc\gcc-arm-none-eabi-10.3-2021.10\arm-none-eabi\lib\thumb\v6-m\nofp\libc_nano.a(lib_a-nano-vfprintf.o)
 .bss           0x20000340        0x0 C:\ubc\ELEC 291\gcc\gcc-arm-none-eabi-10.3-2021.10\arm-none-eabi\lib\thumb\v6-m\nofp\libc_nano.a(lib_a-nano-vfscanf_i.o)
 .bss           0x20000340        0x0 C:\ubc\ELEC 291\gcc\gcc-arm-none-eabi-10.3-2021.10\arm-none-eabi\lib\thumb\v6-m\nofp\libc_nano.a(lib_a-readr.o)
 .bss           0x20000340        0x0 C:\ubc\ELEC 291\gcc\gcc-arm-none-eabi-10.3-2021.10\arm-none-eabi\lib\thumb\v6-m\nofp\libc_nano.a(lib_a-sccl.o)
 .bss           0x20000340        0x0 C:\ubc\ELEC 291\gcc\gcc-arm-none-eabi-10.3-2021.10\arm-none-eabi\lib\thumb\v6-m\nofp\libc_nano.a(lib_a-strtol.o)
 .bss           0x20000340        0x0 C:\ubc\ELEC 291\gcc\gcc-arm-none-eabi-10.3-2021.10\arm-none-eabi\lib\thumb\v6-m\nofp\libc_nano.a(lib_a-strtoul.o)
 .bss           0x20000340        0x0 C:\ubc\ELEC 291\gcc\gcc-arm-none-eabi-10.3-2021.10\arm-none-eabi\lib\thumb\v6-m\nofp\libc_nano.a(lib_a-ungetc.o)
 .bss           0x20000340        0x0 C:\ubc\ELEC 291\gcc\gcc-arm-none-eabi-10.3-2021.10\arm-none-eabi\lib\thumb\v6-m\nofp\libc_nano.a(lib_a-assert.o)
 .bss           0x20000340        0x0 C:\ubc\ELEC 291\gcc\gcc-arm-none-eabi-10.3-2021.10\arm-none-eabi\lib\thumb\v6-m\nofp\libc_nano.a(lib_a-ctype_.o)
 .bss           0x20000340        0x0 C:\ubc\ELEC 291\gcc\gcc-arm-none-eabi-10.3-2021.10\arm-none-eabi\lib\thumb\v6-m\nofp\libc_nano.a(lib_a-errno.o)
 .bss           0x20000340        0x0 C:\ubc\ELEC 291\gcc\gcc-arm-none-eabi-10.3-2021.10\arm-none-eabi\lib\thumb\v6-m\nofp\libc_nano.a(lib_a-fprintf.o)
 .bss           0x20000340        0x0 C:\ubc\ELEC 291\gcc\gcc-arm-none-eabi-10.3-2021.10\arm-none-eabi\lib\thumb\v6-m\nofp\libc_nano.a(lib_a-fstatr.o)
 .bss           0x20000340        0x0 C:\ubc\ELEC 291\gcc\gcc-arm-none-eabi-10.3-2021.10\arm-none-eabi\lib\thumb\v6-m\nofp\libc_nano.a(lib_a-fvwrite.o)
 .bss           0x20000340        0x0 C:\ubc\ELEC 291\gcc\gcc-arm-none-eabi-10.3-2021.10\arm-none-eabi\lib\thumb\v6-m\nofp\libc_nano.a(lib_a-isattyr.o)
 .bss           0x20000340        0x0 C:\ubc\ELEC 291\gcc\gcc-arm-none-eabi-10.3-2021.10\arm-none-eabi\lib\thumb\v6-m\nofp\libc_nano.a(lib_a-locale.o)
 .bss._PathLocale
                0x20000340        0x4 C:\ubc\ELEC 291\gcc\gcc-arm-none-eabi-10.3-2021.10\arm-none-eabi\lib\thumb\v6-m\nofp\libc_nano.a(lib_a-locale.o)
                0x20000340                _PathLocale
 .bss           0x20000344        0x0 C:\ubc\ELEC 291\gcc\gcc-arm-none-eabi-10.3-2021.10\arm-none-eabi\lib\thumb\v6-m\nofp\libc_nano.a(lib_a-mbtowc_r.o)
 .bss           0x20000344        0x0 C:\ubc\ELEC 291\gcc\gcc-arm-none-eabi-10.3-2021.10\arm-none-eabi\lib\thumb\v6-m\nofp\libc_nano.a(lib_a-memmove.o)
 .bss           0x20000344        0x0 C:\ubc\ELEC 291\gcc\gcc-arm-none-eabi-10.3-2021.10\arm-none-eabi\lib\thumb\v6-m\nofp\libc_nano.a(lib_a-nano-reallocr.o)
 .bss           0x20000344        0x0 C:\ubc\ELEC 291\gcc\gcc-arm-none-eabi-10.3-2021.10\arm-none-eabi\lib\thumb\v6-m\nofp\libc_nano.a(lib_a-strcmp.o)
 .bss           0x20000344        0x0 C:\ubc\ELEC 291\gcc\gcc-arm-none-eabi-10.3-2021.10\arm-none-eabi\lib\thumb\v6-m\nofp\libc_nano.a(lib_a-wctomb_r.o)
 .bss           0x20000344        0x0 C:\ubc\ELEC 291\gcc\gcc-arm-none-eabi-10.3-2021.10\arm-none-eabi\lib\thumb\v6-m\nofp\libc_nano.a(lib_a-abort.o)
 .bss           0x20000344        0x0 C:\ubc\ELEC 291\gcc\gcc-arm-none-eabi-10.3-2021.10\arm-none-eabi\lib\thumb\v6-m\nofp\libc_nano.a(lib_a-nano-msizer.o)
 .bss           0x20000344        0x0 C:\ubc\ELEC 291\gcc\gcc-arm-none-eabi-10.3-2021.10\arm-none-eabi\lib\thumb\v6-m\nofp\libc_nano.a(lib_a-signal.o)
 .bss           0x20000344        0x0 C:\ubc\ELEC 291\gcc\gcc-arm-none-eabi-10.3-2021.10\arm-none-eabi\lib\thumb\v6-m\nofp\libc_nano.a(lib_a-signalr.o)
 .bss           0x20000344        0x0 C:\ubc\ELEC 291\gcc\gcc-arm-none-eabi-10.3-2021.10\lib\gcc\arm-none-eabi\10.3.1\thumb\v6-m\nofp\libgcc.a(_thumb1_case_uqi.o)
 .bss           0x20000344        0x0 C:\ubc\ELEC 291\gcc\gcc-arm-none-eabi-10.3-2021.10\lib\gcc\arm-none-eabi\10.3.1\thumb\v6-m\nofp\libgcc.a(_thumb1_case_shi.o)
 .bss           0x20000344        0x0 C:\ubc\ELEC 291\gcc\gcc-arm-none-eabi-10.3-2021.10\lib\gcc\arm-none-eabi\10.3.1\thumb\v6-m\nofp\libgcc.a(_arm_cmpdf2.o)
 .bss           0x20000344        0x0 C:\ubc\ELEC 291\gcc\gcc-arm-none-eabi-10.3-2021.10\lib\gcc\arm-none-eabi\10.3.1\thumb\v6-m\nofp\libgcc.a(adddf3.o)
 .bss           0x20000344        0x0 C:\ubc\ELEC 291\gcc\gcc-arm-none-eabi-10.3-2021.10\lib\gcc\arm-none-eabi\10.3.1\thumb\v6-m\nofp\libgcc.a(eqdf2.o)
 .bss           0x20000344        0x0 C:\ubc\ELEC 291\gcc\gcc-arm-none-eabi-10.3-2021.10\lib\gcc\arm-none-eabi\10.3.1\thumb\v6-m\nofp\libgcc.a(gedf2.o)
 .bss           0x20000344        0x0 C:\ubc\ELEC 291\gcc\gcc-arm-none-eabi-10.3-2021.10\lib\gcc\arm-none-eabi\10.3.1\thumb\v6-m\nofp\libgcc.a(ledf2.o)
 .bss           0x20000344        0x0 C:\ubc\ELEC 291\gcc\gcc-arm-none-eabi-10.3-2021.10\lib\gcc\arm-none-eabi\10.3.1\thumb\v6-m\nofp\libgcc.a(subdf3.o)
 .bss           0x20000344        0x0 C:\ubc\ELEC 291\gcc\gcc-arm-none-eabi-10.3-2021.10\lib\gcc\arm-none-eabi\10.3.1\thumb\v6-m\nofp\libgcc.a(unorddf2.o)
 .bss           0x20000344        0x0 C:\ubc\ELEC 291\gcc\gcc-arm-none-eabi-10.3-2021.10\lib\gcc\arm-none-eabi\10.3.1\thumb\v6-m\nofp\libgcc.a(fixdfsi.o)
 .bss           0x20000344        0x0 C:\ubc\ELEC 291\gcc\gcc-arm-none-eabi-10.3-2021.10\lib\gcc\arm-none-eabi\10.3.1\thumb\v6-m\nofp\libgcc.a(floatunsidf.o)
 *(COMMON)
                0x20000344                . = ALIGN (0x4)
                0x20000344                _ebss = .
                [!provide]                PROVIDE (end = .)
                0x20000344                PROVIDE (_HeapStart = .)
                0x20002000                PROVIDE (_StackTop = (ORIGIN (ram) + LENGTH (ram)))
OUTPUT(main.elf elf32-littlearm)
LOAD linker stubs

.debug_info     0x00000000     0x321d
 .debug_info    0x00000000     0x10da main.o
 .debug_info    0x000010da      0x3ad startup.o
 .debug_info    0x00001487      0x82d serial.o
 .debug_info    0x00001cb4      0x31b adc.o
 .debug_info    0x00001fcf      0x724 newlib_stubs.o
 .debug_info    0x000026f3      0x2e5 lcd.o
 .debug_info    0x000029d8      0x845 UART2.O

.debug_abbrev   0x00000000      0xbe1
 .debug_abbrev  0x00000000      0x2c6 main.o
 .debug_abbrev  0x000002c6      0x174 startup.o
 .debug_abbrev  0x0000043a      0x1f5 serial.o
 .debug_abbrev  0x0000062f      0x10c adc.o
 .debug_abbrev  0x0000073b      0x17b newlib_stubs.o
 .debug_abbrev  0x000008b6      0x125 lcd.o
 .debug_abbrev  0x000009db      0x206 UART2.O

.debug_aranges  0x00000000       0xe8
 .debug_aranges
                0x00000000       0x20 main.o
 .debug_aranges
                0x00000020       0x28 startup.o
 .debug_aranges
                0x00000048       0x20 serial.o
 .debug_aranges
                0x00000068       0x20 adc.o
 .debug_aranges
                0x00000088       0x20 newlib_stubs.o
 .debug_aranges
                0x000000a8       0x20 lcd.o
 .debug_aranges
                0x000000c8       0x20 UART2.O

.debug_line     0x00000000     0x1a85
 .debug_line    0x00000000      0x7c1 main.o
 .debug_line    0x000007c1      0x26e startup.o
 .debug_line    0x00000a2f      0x4ac serial.o
 .debug_line    0x00000edb      0x1a5 adc.o
 .debug_line    0x00001080      0x298 newlib_stubs.o
 .debug_line    0x00001318      0x2d6 lcd.o
 .debug_line    0x000015ee      0x497 UART2.O

.debug_str      0x00000000      0xd87
 .debug_str     0x00000000      0x74e main.o
                                0x7cc (size before relaxing)
 .debug_str     0x0000074e       0xe8 startup.o
                                0x2b8 (size before relaxing)
 .debug_str     0x00000836      0x124 serial.o
                                0x390 (size before relaxing)